Archive member included to satisfy reference by file (symbol)

c:/st/stm32cubeide_1.12.1/stm32cubeide/plugins/com.st.stm32cube.ide.mcu.externaltools.gnu-tools-for-stm32.10.3-2021.10.win32_1.0.200.202301161003/tools/bin/../lib/gcc/arm-none-eabi/10.3.1/../../../../arm-none-eabi/lib/thumb/v7e-m+fp/hard\libc_nano.a(lib_a-errno.o)
                              ./Core/Src/syscalls.o (__errno)
c:/st/stm32cubeide_1.12.1/stm32cubeide/plugins/com.st.stm32cube.ide.mcu.externaltools.gnu-tools-for-stm32.10.3-2021.10.win32_1.0.200.202301161003/tools/bin/../lib/gcc/arm-none-eabi/10.3.1/../../../../arm-none-eabi/lib/thumb/v7e-m+fp/hard\libc_nano.a(lib_a-exit.o)
                              c:/st/stm32cubeide_1.12.1/stm32cubeide/plugins/com.st.stm32cube.ide.mcu.externaltools.gnu-tools-for-stm32.10.3-2021.10.win32_1.0.200.202301161003/tools/bin/../lib/gcc/arm-none-eabi/10.3.1/../../../../arm-none-eabi/lib/thumb/v7e-m+fp/hard/crt0.o (exit)
c:/st/stm32cubeide_1.12.1/stm32cubeide/plugins/com.st.stm32cube.ide.mcu.externaltools.gnu-tools-for-stm32.10.3-2021.10.win32_1.0.200.202301161003/tools/bin/../lib/gcc/arm-none-eabi/10.3.1/../../../../arm-none-eabi/lib/thumb/v7e-m+fp/hard\libc_nano.a(lib_a-impure.o)
                              c:/st/stm32cubeide_1.12.1/stm32cubeide/plugins/com.st.stm32cube.ide.mcu.externaltools.gnu-tools-for-stm32.10.3-2021.10.win32_1.0.200.202301161003/tools/bin/../lib/gcc/arm-none-eabi/10.3.1/../../../../arm-none-eabi/lib/thumb/v7e-m+fp/hard\libc_nano.a(lib_a-exit.o) (_global_impure_ptr)
c:/st/stm32cubeide_1.12.1/stm32cubeide/plugins/com.st.stm32cube.ide.mcu.externaltools.gnu-tools-for-stm32.10.3-2021.10.win32_1.0.200.202301161003/tools/bin/../lib/gcc/arm-none-eabi/10.3.1/../../../../arm-none-eabi/lib/thumb/v7e-m+fp/hard\libc_nano.a(lib_a-init.o)
                              c:/st/stm32cubeide_1.12.1/stm32cubeide/plugins/com.st.stm32cube.ide.mcu.externaltools.gnu-tools-for-stm32.10.3-2021.10.win32_1.0.200.202301161003/tools/bin/../lib/gcc/arm-none-eabi/10.3.1/../../../../arm-none-eabi/lib/thumb/v7e-m+fp/hard/crt0.o (__libc_init_array)
c:/st/stm32cubeide_1.12.1/stm32cubeide/plugins/com.st.stm32cube.ide.mcu.externaltools.gnu-tools-for-stm32.10.3-2021.10.win32_1.0.200.202301161003/tools/bin/../lib/gcc/arm-none-eabi/10.3.1/../../../../arm-none-eabi/lib/thumb/v7e-m+fp/hard\libc_nano.a(lib_a-malloc.o)
                              ./Core/Src/EPD_2in9_V2_test.o (malloc)
c:/st/stm32cubeide_1.12.1/stm32cubeide/plugins/com.st.stm32cube.ide.mcu.externaltools.gnu-tools-for-stm32.10.3-2021.10.win32_1.0.200.202301161003/tools/bin/../lib/gcc/arm-none-eabi/10.3.1/../../../../arm-none-eabi/lib/thumb/v7e-m+fp/hard\libc_nano.a(lib_a-memset.o)
                              c:/st/stm32cubeide_1.12.1/stm32cubeide/plugins/com.st.stm32cube.ide.mcu.externaltools.gnu-tools-for-stm32.10.3-2021.10.win32_1.0.200.202301161003/tools/bin/../lib/gcc/arm-none-eabi/10.3.1/../../../../arm-none-eabi/lib/thumb/v7e-m+fp/hard/crt0.o (memset)
c:/st/stm32cubeide_1.12.1/stm32cubeide/plugins/com.st.stm32cube.ide.mcu.externaltools.gnu-tools-for-stm32.10.3-2021.10.win32_1.0.200.202301161003/tools/bin/../lib/gcc/arm-none-eabi/10.3.1/../../../../arm-none-eabi/lib/thumb/v7e-m+fp/hard\libc_nano.a(lib_a-nano-freer.o)
                              c:/st/stm32cubeide_1.12.1/stm32cubeide/plugins/com.st.stm32cube.ide.mcu.externaltools.gnu-tools-for-stm32.10.3-2021.10.win32_1.0.200.202301161003/tools/bin/../lib/gcc/arm-none-eabi/10.3.1/../../../../arm-none-eabi/lib/thumb/v7e-m+fp/hard\libc_nano.a(lib_a-malloc.o) (_free_r)
c:/st/stm32cubeide_1.12.1/stm32cubeide/plugins/com.st.stm32cube.ide.mcu.externaltools.gnu-tools-for-stm32.10.3-2021.10.win32_1.0.200.202301161003/tools/bin/../lib/gcc/arm-none-eabi/10.3.1/../../../../arm-none-eabi/lib/thumb/v7e-m+fp/hard\libc_nano.a(lib_a-nano-mallocr.o)
                              c:/st/stm32cubeide_1.12.1/stm32cubeide/plugins/com.st.stm32cube.ide.mcu.externaltools.gnu-tools-for-stm32.10.3-2021.10.win32_1.0.200.202301161003/tools/bin/../lib/gcc/arm-none-eabi/10.3.1/../../../../arm-none-eabi/lib/thumb/v7e-m+fp/hard\libc_nano.a(lib_a-malloc.o) (_malloc_r)
c:/st/stm32cubeide_1.12.1/stm32cubeide/plugins/com.st.stm32cube.ide.mcu.externaltools.gnu-tools-for-stm32.10.3-2021.10.win32_1.0.200.202301161003/tools/bin/../lib/gcc/arm-none-eabi/10.3.1/../../../../arm-none-eabi/lib/thumb/v7e-m+fp/hard\libc_nano.a(lib_a-printf.o)
                              ./Core/Src/EPD_2in9.o (printf)
c:/st/stm32cubeide_1.12.1/stm32cubeide/plugins/com.st.stm32cube.ide.mcu.externaltools.gnu-tools-for-stm32.10.3-2021.10.win32_1.0.200.202301161003/tools/bin/../lib/gcc/arm-none-eabi/10.3.1/../../../../arm-none-eabi/lib/thumb/v7e-m+fp/hard\libc_nano.a(lib_a-puts.o)
                              ./Core/Src/EPD_2in9.o (puts)
[...]
Memory Configuration

Name             Origin             Length             Attributes
RAM              0x0000000020000000 0x0000000000018000 xrw
FLASH            0x0000000008000000 0x0000000000060000 xr
*default*        0x0000000000000000 0xffffffffffffffff

Linker script and memory map

LOAD c:/st/stm32cubeide_1.12.1/stm32cubeide/plugins/com.st.stm32cube.ide.mcu.externaltools.gnu-tools-for-stm32.10.3-2021.10.win32_1.0.200.202301161003/tools/bin/../lib/gcc/arm-none-eabi/10.3.1/thumb/v7e-m+fp/hard/crti.o
LOAD c:/st/stm32cubeide_1.12.1/stm32cubeide/plugins/com.st.stm32cube.ide.mcu.externaltools.gnu-tools-for-stm32.10.3-2021.10.win32_1.0.200.202301161003/tools/bin/../lib/gcc/arm-none-eabi/10.3.1/thumb/v7e-m+fp/hard/crtbegin.o
LOAD c:/st/stm32cubeide_1.12.1/stm32cubeide/plugins/com.st.stm32cube.ide.mcu.externaltools.gnu-tools-for-stm32.10.3-2021.10.win32_1.0.200.202301161003/tools/bin/../lib/gcc/arm-none-eabi/10.3.1/../../../../arm-none-eabi/lib/thumb/v7e-m+fp/hard/crt0.o
LOAD ./Core/Fonts/font12.o
LOAD ./Core/Fonts/font12CN.o
LOAD ./Core/Fonts/font16.o
LOAD ./Core/Fonts/font20.o
LOAD ./Core/Fonts/font24.o
LOAD ./Core/Fonts/font24CN.o
LOAD ./Core/Fonts/font8.o
LOAD ./Core/Src/DEV_Config.o
LOAD ./Core/Src/EPD_2in9.o
LOAD ./Core/Src/EPD_2in9_V2.o
LOAD ./Core/Src/EPD_2in9_V2_test.o
LOAD ./Core/Src/EPD_2in9_test.o
LOAD ./Core/Src/GUI_Paint.o
LOAD ./Core/Src/ImageData.o
LOAD ./Core/Src/main.o
LOAD ./Core/Src/stm32f4xx_hal_msp.o
LOAD ./Core/Src/stm32f4xx_it.o
LOAD ./Core/Src/syscalls.o
LOAD ./Core/Src/sysmem.o
LOAD ./Core/Src/system_stm32f4xx.o
LOAD ./Core/Startup/startup_stm32f401cdux.o
LOAD ./Drivers/STM32F4xx_HAL_Driver/Src/stm32f4xx_hal.o
LOAD ./Drivers/STM32F4xx_HAL_Driver/Src/stm32f4xx_hal_cortex.o
LOAD ./Drivers/STM32F4xx_HAL_Driver/Src/stm32f4xx_hal_dma.o
LOAD ./Drivers/STM32F4xx_HAL_Driver/Src/stm32f4xx_hal_dma_ex.o
LOAD ./Drivers/STM32F4xx_HAL_Driver/Src/stm32f4xx_hal_exti.o
LOAD ./Drivers/STM32F4xx_HAL_Driver/Src/stm32f4xx_hal_flash.o
LOAD ./Drivers/STM32F4xx_HAL_Driver/Src/stm32f4xx_hal_flash_ex.o
LOAD ./Drivers/STM32F4xx_HAL_Driver/Src/stm32f4xx_hal_flash_ramfunc.o
LOAD ./Drivers/STM32F4xx_HAL_Driver/Src/stm32f4xx_hal_gpio.o
LOAD ./Drivers/STM32F4xx_HAL_Driver/Src/stm32f4xx_hal_pwr.o
LOAD ./Drivers/STM32F4xx_HAL_Driver/Src/stm32f4xx_hal_pwr_ex.o
LOAD ./Drivers/STM32F4xx_HAL_Driver/Src/stm32f4xx_hal_rcc.o
LOAD ./Drivers/STM32F4xx_HAL_Driver/Src/stm32f4xx_hal_rcc_ex.o
LOAD ./Drivers/STM32F4xx_HAL_Driver/Src/stm32f4xx_hal_spi.o
LOAD ./Drivers/STM32F4xx_HAL_Driver/Src/stm32f4xx_hal_tim.o
LOAD ./Drivers/STM32F4xx_HAL_Driver/Src/stm32f4xx_hal_tim_ex.o
START GROUP
LOAD c:/st/stm32cubeide_1.12.1/stm32cubeide/plugins/com.st.stm32cube.ide.mcu.externaltools.gnu-tools-for-stm32.10.3-2021.10.win32_1.0.200.202301161003/tools/bin/../lib/gcc/arm-none-eabi/10.3.1/../../../../arm-none-eabi/lib/thumb/v7e-m+fp/hard\libc_nano.a
LOAD c:/st/stm32cubeide_1.12.1/stm32cubeide/plugins/com.st.stm32cube.ide.mcu.externaltools.gnu-tools-for-stm32.10.3-2021.10.win32_1.0.200.202301161003/tools/bin/../lib/gcc/arm-none-eabi/10.3.1/../../../../arm-none-eabi/lib/thumb/v7e-m+fp/hard\libm.a
END GROUP
START GROUP
LOAD c:/st/stm32cubeide_1.12.1/stm32cubeide/plugins/com.st.stm32cube.ide.mcu.externaltools.gnu-tools-for-stm32.10.3-2021.10.win32_1.0.200.202301161003/tools/bin/../lib/gcc/arm-none-eabi/10.3.1/thumb/v7e-m+fp/hard\libgcc.a
LOAD c:/st/stm32cubeide_1.12.1/stm32cubeide/plugins/com.st.stm32cube.ide.mcu.externaltools.gnu-tools-for-stm32.10.3-2021.10.win32_1.0.200.202301161003/tools/bin/../lib/gcc/arm-none-eabi/10.3.1/../../../../arm-none-eabi/lib/thumb/v7e-m+fp/hard\libc_nano.a
END GROUP
START GROUP
LOAD c:/st/stm32cubeide_1.12.1/stm32cubeide/plugins/com.st.stm32cube.ide.mcu.externaltools.gnu-tools-for-stm32.10.3-2021.10.win32_1.0.200.202301161003/tools/bin/../lib/gcc/arm-none-eabi/10.3.1/thumb/v7e-m+fp/hard\libgcc.a
LOAD c:/st/stm32cubeide_1.12.1/stm32cubeide/plugins/com.st.stm32cube.ide.mcu.externaltools.gnu-tools-for-stm32.10.3-2021.10.win32_1.0.200.202301161003/tools/bin/../lib/gcc/arm-none-eabi/10.3.1/../../../../arm-none-eabi/lib/thumb/v7e-m+fp/hard\libc_nano.a
LOAD c:/st/stm32cubeide_1.12.1/stm32cubeide/plugins/com.st.stm32cube.ide.mcu.externaltools.gnu-tools-for-stm32.10.3-2021.10.win32_1.0.200.202301161003/tools/bin/../lib/gcc/arm-none-eabi/10.3.1/../../../../arm-none-eabi/lib/thumb/v7e-m+fp/hard\libnosys.a
END GROUP
START GROUP
LOAD c:/st/stm32cubeide_1.12.1/stm32cubeide/plugins/com.st.stm32cube.ide.mcu.externaltools.gnu-tools-for-stm32.10.3-2021.10.win32_1.0.200.202301161003/tools/bin/../lib/gcc/arm-none-eabi/10.3.1/thumb/v7e-m+fp/hard\libgcc.a
LOAD c:/st/stm32cubeide_1.12.1/stm32cubeide/plugins/com.st.stm32cube.ide.mcu.externaltools.gnu-tools-for-stm32.10.3-2021.10.win32_1.0.200.202301161003/tools/bin/../lib/gcc/arm-none-eabi/10.3.1/../../../../arm-none-eabi/lib/thumb/v7e-m+fp/hard\libc_nano.a
LOAD c:/st/stm32cubeide_1.12.1/stm32cubeide/plugins/com.st.stm32cube.ide.mcu.externaltools.gnu-tools-for-stm32.10.3-2021.10.win32_1.0.200.202301161003/tools/bin/../lib/gcc/arm-none-eabi/10.3.1/../../../../arm-none-eabi/lib/thumb/v7e-m+fp/hard\libnosys.a
END GROUP
LOAD c:/st/stm32cubeide_1.12.1/stm32cubeide/plugins/com.st.stm32cube.ide.mcu.externaltools.gnu-tools-for-stm32.10.3-2021.10.win32_1.0.200.202301161003/tools/bin/../lib/gcc/arm-none-eabi/10.3.1/thumb/v7e-m+fp/hard/crtend.o
LOAD c:/st/stm32cubeide_1.12.1/stm32cubeide/plugins/com.st.stm32cube.ide.mcu.externaltools.gnu-tools-for-stm32.10.3-2021.10.win32_1.0.200.202301161003/tools/bin/../lib/gcc/arm-none-eabi/10.3.1/thumb/v7e-m+fp/hard/crtn.o
                0x0000000020018000                _estack = (ORIGIN (RAM) + LENGTH (RAM))
                0x0000000000000200                _Min_Heap_Size = 0x200
                0x0000000000000400                _Min_Stack_Size = 0x400

.isr_vector     0x0000000008000000      0x194
                0x0000000008000000                . = ALIGN (0x4)
 *(.isr_vector)
 .isr_vector    0x0000000008000000      0x194 ./Core/Startup/startup_stm32f401cdux.o
                0x0000000008000000                g_pfnVectors
                0x0000000008000194                . = ALIGN (0x4)

.text           0x00000000080001a0     0x4b48
                0x00000000080001a0                . = ALIGN (0x4)
 *(.text)
 .text          0x00000000080001a0       0x40 c:/st/stm32cubeide_1.12.1/stm32cubeide/plugins/com.st.stm32cube.ide.mcu.externaltools.gnu-tools-for-stm32.10.3-2021.10.win32_1.0.200.202301161003/tools/bin/../lib/gcc/arm-none-eabi/10.3.1/thumb/v7e-m+fp/hard/crtbegin.o
 .text          0x00000000080001e0       0xa0 c:/st/stm32cubeide_1.12.1/stm32cubeide/plugins/com.st.stm32cube.ide.mcu.externaltools.gnu-tools-for-stm32.10.3-2021.10.win32_1.0.200.202301161003/tools/bin/../lib/gcc/arm-none-eabi/10.3.1/../../../../arm-none-eabi/lib/thumb/v7e-m+fp/hard\libc_nano.a(lib_a-memchr.o)
                0x00000000080001e0                memchr
 .text          0x0000000008000280       0x30 c:/st/stm32cubeide_1.12.1/stm32cubeide/plugins/com.st.stm32cube.ide.mcu.externaltools.gnu-tools-for-stm32.10.3-2021.10.win32_1.0.200.202301161003/tools/bin/../lib/gcc/arm-none-eabi/10.3.1/thumb/v7e-m+fp/hard\libgcc.a(_aeabi_uldivmod.o)
                0x0000000008000280                __aeabi_uldivmod
 .text          0x00000000080002b0      0x2d0 c:/st/stm32cubeide_1.12.1/stm32cubeide/plugins/com.st.stm32cube.ide.mcu.externaltools.gnu-tools-for-stm32.10.3-2021.10.win32_1.0.200.202301161003/tools/bin/../lib/gcc/arm-none-eabi/10.3.1/thumb/v7e-m+fp/hard\libgcc.a(_udivmoddi4.o)
                0x00000000080002b0                __udivmoddi4
 .text          0x0000000008000580        0x4 c:/st/stm32cubeide_1.12.1/stm32cubeide/plugins/com.st.stm32cube.ide.mcu.externaltools.gnu-tools-for-stm32.10.3-2021.10.win32_1.0.200.202301161003/tools/bin/../lib/gcc/arm-none-eabi/10.3.1/thumb/v7e-m+fp/hard\libgcc.a(_dvmd_tls.o)
                0x0000000008000580                __aeabi_idiv0
                0x0000000008000580                __aeabi_ldiv0
 *(.text*)
 .text.DEV_SPI_WriteByte
                0x0000000008000584       0x24 ./Core/Src/DEV_Config.o
                0x0000000008000584                DEV_SPI_WriteByte
 .text.DEV_Module_Init
                0x00000000080005a8       0x30 ./Core/Src/DEV_Config.o
                0x00000000080005a8                DEV_Module_Init
 .text.DEV_Module_Exit
                0x00000000080005d8       0x30 ./Core/Src/DEV_Config.o
                0x00000000080005d8                DEV_Module_Exit
 .text.EPD_2IN9_V2_Reset
                0x0000000008000608       0x3c ./Core/Src/EPD_2in9_V2.o
 .text.EPD_2IN9_V2_SendCommand
                0x0000000008000644       0x40 ./Core/Src/EPD_2in9_V2.o
 .text.EPD_2IN9_V2_SendData
                0x0000000008000684       0x40 ./Core/Src/EPD_2in9_V2.o
 .text.EPD_2IN9_V2_ReadBusy
                0x00000000080006c4       0x40 ./Core/Src/EPD_2in9_V2.o
                0x00000000080006c4                EPD_2IN9_V2_ReadBusy
 .text.EPD_2IN9_V2_LUT
                0x0000000008000704       0x3a ./Core/Src/EPD_2in9_V2.o
 .text.EPD_2IN9_V2_LUT_by_host
                0x000000000800073e       0x76 ./Core/Src/EPD_2in9_V2.o
 .text.EPD_2IN9_V2_TurnOnDisplay
                0x00000000080007b4       0x1e ./Core/Src/EPD_2in9_V2.o
 .text.EPD_2IN9_V2_TurnOnDisplay_Partial
                0x00000000080007d2       0x1e ./Core/Src/EPD_2in9_V2.o
 .text.EPD_2IN9_V2_SetWindows
                0x00000000080007f0       0x7e ./Core/Src/EPD_2in9_V2.o
 .text.EPD_2IN9_V2_SetCursor
                0x000000000800086e       0x46 ./Core/Src/EPD_2in9_V2.o
 .text.EPD_2IN9_V2_Init
                0x00000000080008b4       0x7c ./Core/Src/EPD_2in9_V2.o
                0x00000000080008b4                EPD_2IN9_V2_Init
 .text.EPD_2IN9_V2_Clear
                0x0000000008000930       0x32 ./Core/Src/EPD_2in9_V2.o
                0x0000000008000930                EPD_2IN9_V2_Clear
 .text.EPD_2IN9_V2_Display
                0x0000000008000962       0x3c ./Core/Src/EPD_2in9_V2.o
                0x0000000008000962                EPD_2IN9_V2_Display
 .text.EPD_2IN9_V2_Display_Base
                0x000000000800099e       0x64 ./Core/Src/EPD_2in9_V2.o
                0x000000000800099e                EPD_2IN9_V2_Display_Base
 *fill*         0x0000000008000a02        0x2 
 .text.EPD_2IN9_V2_Display_Partial
                0x0000000008000a04       0xe4 ./Core/Src/EPD_2in9_V2.o
                0x0000000008000a04                EPD_2IN9_V2_Display_Partial
 .text.EPD_2IN9_V2_Sleep
                0x0000000008000ae8       0x1a ./Core/Src/EPD_2in9_V2.o
                0x0000000008000ae8                EPD_2IN9_V2_Sleep
 *fill*         0x0000000008000b02        0x2 
 .text.EPD_2in9_V2_test
                0x0000000008000b04      0x394 ./Core/Src/EPD_2in9_V2_test.o
                0x0000000008000b04                EPD_2in9_V2_test
 .text.Paint_NewImage
                0x0000000008000e98       0xac ./Core/Src/GUI_Paint.o
                0x0000000008000e98                Paint_NewImage
 .text.Paint_SelectImage
                0x0000000008000f44       0x20 ./Core/Src/GUI_Paint.o
                0x0000000008000f44                Paint_SelectImage
 .text.Paint_SetPixel
                0x0000000008000f64      0x298 ./Core/Src/GUI_Paint.o
                0x0000000008000f64                Paint_SetPixel
 .text.Paint_Clear
                0x00000000080011fc       0xd8 ./Core/Src/GUI_Paint.o
                0x00000000080011fc                Paint_Clear
 .text.Paint_ClearWindows
                0x00000000080012d4       0x5c ./Core/Src/GUI_Paint.o
                0x00000000080012d4                Paint_ClearWindows
 .text.Paint_DrawPoint
                0x0000000008001330      0x158 ./Core/Src/GUI_Paint.o
                0x0000000008001330                Paint_DrawPoint
 .text.Paint_DrawLine
                0x0000000008001488      0x158 ./Core/Src/GUI_Paint.o
                0x0000000008001488                Paint_DrawLine
 .text.Paint_DrawRectangle
                0x00000000080015e0      0x108 ./Core/Src/GUI_Paint.o
                0x00000000080015e0                Paint_DrawRectangle
 .text.Paint_DrawCircle
                0x00000000080016e8      0x318 ./Core/Src/GUI_Paint.o
                0x00000000080016e8                Paint_DrawCircle
 .text.Paint_DrawChar
                0x0000000008001a00      0x150 ./Core/Src/GUI_Paint.o
                0x0000000008001a00                Paint_DrawChar
 .text.Paint_DrawString_EN
                0x0000000008001b50       0xa8 ./Core/Src/GUI_Paint.o
                0x0000000008001b50                Paint_DrawString_EN
 .text.Paint_DrawString_CN
                0x0000000008001bf8      0x32e ./Core/Src/GUI_Paint.o
                0x0000000008001bf8                Paint_DrawString_CN
 *fill*         0x0000000008001f26        0x2 
 .text.Paint_DrawNum
                0x0000000008001f28      0x1a4 ./Core/Src/GUI_Paint.o
                0x0000000008001f28                Paint_DrawNum
 .text.Paint_DrawTime
                0x00000000080020cc      0x1f4 ./Core/Src/GUI_Paint.o
                0x00000000080020cc                Paint_DrawTime
 .text.Paint_DrawBitMap
                0x00000000080022c0       0x6c ./Core/Src/GUI_Paint.o
                0x00000000080022c0                Paint_DrawBitMap
 .text.main     0x000000000800232c       0x26 ./Core/Src/main.o
                0x000000000800232c                main
 *fill*         0x0000000008002352        0x2 
 .text.SystemClock_Config
                0x0000000008002354       0xd4 ./Core/Src/main.o
                0x0000000008002354                SystemClock_Config
 .text.MX_SPI1_Init
                0x0000000008002428       0x6c ./Core/Src/main.o
 .text.MX_GPIO_Init
                0x0000000008002494       0xe4 ./Core/Src/main.o
 .text.Error_Handler
                0x0000000008002578        0xa ./Core/Src/main.o
                0x0000000008002578                Error_Handler
 *fill*         0x0000000008002582        0x2 
 .text.HAL_MspInit
                0x0000000008002584       0x50 ./Core/Src/stm32f4xx_hal_msp.o
                0x0000000008002584                HAL_MspInit
 .text.HAL_SPI_MspInit
                0x00000000080025d4       0x90 ./Core/Src/stm32f4xx_hal_msp.o
                0x00000000080025d4                HAL_SPI_MspInit
 .text.NMI_Handler
                0x0000000008002664        0x6 ./Core/Src/stm32f4xx_it.o
                0x0000000008002664                NMI_Handler
 .text.HardFault_Handler
                0x000000000800266a        0x6 ./Core/Src/stm32f4xx_it.o
                0x000000000800266a                HardFault_Handler
 .text.MemManage_Handler
                0x0000000008002670        0x6 ./Core/Src/stm32f4xx_it.o
                0x0000000008002670                MemManage_Handler
 .text.BusFault_Handler
                0x0000000008002676        0x6 ./Core/Src/stm32f4xx_it.o
                0x0000000008002676                BusFault_Handler
 .text.UsageFault_Handler
                0x000000000800267c        0x6 ./Core/Src/stm32f4xx_it.o
                0x000000000800267c                UsageFault_Handler
 .text.SVC_Handler
                0x0000000008002682        0xe ./Core/Src/stm32f4xx_it.o
                0x0000000008002682                SVC_Handler
 .text.DebugMon_Handler
                0x0000000008002690        0xe ./Core/Src/stm32f4xx_it.o
                0x0000000008002690                DebugMon_Handler
 .text.PendSV_Handler
                0x000000000800269e        0xe ./Core/Src/stm32f4xx_it.o
                0x000000000800269e                PendSV_Handler
 .text.SysTick_Handler
                0x00000000080026ac        0xc ./Core/Src/stm32f4xx_it.o
                0x00000000080026ac                SysTick_Handler
 .text._read    0x00000000080026b8       0x3a ./Core/Src/syscalls.o
                0x00000000080026b8                _read
 .text._write   0x00000000080026f2       0x38 ./Core/Src/syscalls.o
                0x00000000080026f2                _write
 .text._close   0x000000000800272a       0x18 ./Core/Src/syscalls.o
                0x000000000800272a                _close
 .text._fstat   0x0000000008002742       0x20 ./Core/Src/syscalls.o
                0x0000000008002742                _fstat
 .text._isatty  0x0000000008002762       0x16 ./Core/Src/syscalls.o
                0x0000000008002762                _isatty
 .text._lseek   0x0000000008002778       0x1a ./Core/Src/syscalls.o
                0x0000000008002778                _lseek
 *fill*         0x0000000008002792        0x2 
 .text._sbrk    0x0000000008002794       0x6c ./Core/Src/sysmem.o
                0x0000000008002794                _sbrk
 .text.SystemInit
                0x0000000008002800       0x24 ./Core/Src/system_stm32f4xx.o
                0x0000000008002800                SystemInit
 .text.Reset_Handler
                0x0000000008002824       0x50 ./Core/Startup/startup_stm32f401cdux.o
                0x0000000008002824                Reset_Handler
 .text.Default_Handler
                0x0000000008002874        0x2 ./Core/Startup/startup_stm32f401cdux.o
                0x0000000008002874                RTC_Alarm_IRQHandler
                0x0000000008002874                EXTI2_IRQHandler
                0x0000000008002874                SPI4_IRQHandler
                0x0000000008002874                TIM1_CC_IRQHandler
                0x0000000008002874                DMA2_Stream5_IRQHandler
                0x0000000008002874                DMA1_Stream5_IRQHandler
                0x0000000008002874                PVD_IRQHandler
                0x0000000008002874                SDIO_IRQHandler
                0x0000000008002874                TAMP_STAMP_IRQHandler
                0x0000000008002874                EXTI3_IRQHandler
                0x0000000008002874                TIM1_UP_TIM10_IRQHandler
                0x0000000008002874                I2C3_ER_IRQHandler
                0x0000000008002874                EXTI0_IRQHandler
                0x0000000008002874                I2C2_EV_IRQHandler
                0x0000000008002874                DMA1_Stream2_IRQHandler
                0x0000000008002874                FPU_IRQHandler
                0x0000000008002874                DMA2_Stream2_IRQHandler
                0x0000000008002874                SPI1_IRQHandler
                0x0000000008002874                TIM1_BRK_TIM9_IRQHandler
                0x0000000008002874                DMA2_Stream3_IRQHandler
                0x0000000008002874                USART6_IRQHandler
                0x0000000008002874                DMA2_Stream0_IRQHandler
                0x0000000008002874                TIM4_IRQHandler
                0x0000000008002874                I2C1_EV_IRQHandler
                0x0000000008002874                DMA1_Stream6_IRQHandler
                0x0000000008002874                DMA1_Stream1_IRQHandler
                0x0000000008002874                TIM3_IRQHandler
                0x0000000008002874                RCC_IRQHandler
                0x0000000008002874                Default_Handler
                0x0000000008002874                EXTI15_10_IRQHandler
                0x0000000008002874                ADC_IRQHandler
                0x0000000008002874                DMA1_Stream7_IRQHandler
                0x0000000008002874                TIM5_IRQHandler
                0x0000000008002874                DMA2_Stream7_IRQHandler
                0x0000000008002874                I2C3_EV_IRQHandler
                0x0000000008002874                EXTI9_5_IRQHandler
                0x0000000008002874                RTC_WKUP_IRQHandler
                0x0000000008002874                SPI2_IRQHandler
                0x0000000008002874                DMA1_Stream0_IRQHandler
                0x0000000008002874                EXTI4_IRQHandler
                0x0000000008002874                WWDG_IRQHandler
                0x0000000008002874                TIM2_IRQHandler
                0x0000000008002874                OTG_FS_WKUP_IRQHandler
                0x0000000008002874                TIM1_TRG_COM_TIM11_IRQHandler
                0x0000000008002874                EXTI1_IRQHandler
                0x0000000008002874                USART2_IRQHandler
                0x0000000008002874                I2C2_ER_IRQHandler
                0x0000000008002874                DMA2_Stream1_IRQHandler
                0x0000000008002874                FLASH_IRQHandler
                0x0000000008002874                DMA2_Stream4_IRQHandler
                0x0000000008002874                USART1_IRQHandler
                0x0000000008002874                OTG_FS_IRQHandler
                0x0000000008002874                SPI3_IRQHandler
                0x0000000008002874                DMA1_Stream4_IRQHandler
                0x0000000008002874                I2C1_ER_IRQHandler
                0x0000000008002874                DMA2_Stream6_IRQHandler
                0x0000000008002874                DMA1_Stream3_IRQHandler
 *fill*         0x0000000008002876        0x2 
 .text.HAL_Init
                0x0000000008002878       0x44 ./Drivers/STM32F4xx_HAL_Driver/Src/stm32f4xx_hal.o
                0x0000000008002878                HAL_Init
 .text.HAL_InitTick
                0x00000000080028bc       0x60 ./Drivers/STM32F4xx_HAL_Driver/Src/stm32f4xx_hal.o
                0x00000000080028bc                HAL_InitTick
 .text.HAL_IncTick
                0x000000000800291c       0x28 ./Drivers/STM32F4xx_HAL_Driver/Src/stm32f4xx_hal.o
                0x000000000800291c                HAL_IncTick
 .text.HAL_GetTick
                0x0000000008002944       0x18 ./Drivers/STM32F4xx_HAL_Driver/Src/stm32f4xx_hal.o
                0x0000000008002944                HAL_GetTick
 .text.HAL_Delay
                0x000000000800295c       0x48 ./Drivers/STM32F4xx_HAL_Driver/Src/stm32f4xx_hal.o
                0x000000000800295c                HAL_Delay
 .text.__NVIC_SetPriorityGrouping
                0x00000000080029a4       0x48 ./Drivers/STM32F4xx_HAL_Driver/Src/stm32f4xx_hal_cortex.o
 .text.__NVIC_GetPriorityGrouping
                0x00000000080029ec       0x1c ./Drivers/STM32F4xx_HAL_Driver/Src/stm32f4xx_hal_cortex.o
 .text.__NVIC_SetPriority
                0x0000000008002a08       0x54 ./Drivers/STM32F4xx_HAL_Driver/Src/stm32f4xx_hal_cortex.o
 .text.NVIC_EncodePriority
                0x0000000008002a5c       0x66 ./Drivers/STM32F4xx_HAL_Driver/Src/stm32f4xx_hal_cortex.o
 *fill*         0x0000000008002ac2        0x2 
 .text.SysTick_Config
                0x0000000008002ac4       0x44 ./Drivers/STM32F4xx_HAL_Driver/Src/stm32f4xx_hal_cortex.o
 .text.HAL_NVIC_SetPriorityGrouping
                0x0000000008002b08       0x16 ./Drivers/STM32F4xx_HAL_Driver/Src/stm32f4xx_hal_cortex.o
                0x0000000008002b08                HAL_NVIC_SetPriorityGrouping
 .text.HAL_NVIC_SetPriority
                0x0000000008002b1e       0x38 ./Drivers/STM32F4xx_HAL_Driver/Src/stm32f4xx_hal_cortex.o
                0x0000000008002b1e                HAL_NVIC_SetPriority
 .text.HAL_SYSTICK_Config
                0x0000000008002b56       0x18 ./Drivers/STM32F4xx_HAL_Driver/Src/stm32f4xx_hal_cortex.o
                0x0000000008002b56                HAL_SYSTICK_Config
 *fill*         0x0000000008002b6e        0x2 
 .text.HAL_GPIO_Init
                0x0000000008002b70      0x308 ./Drivers/STM32F4xx_HAL_Driver/Src/stm32f4xx_hal_gpio.o
                0x0000000008002b70                HAL_GPIO_Init
 .text.HAL_GPIO_ReadPin
                0x0000000008002e78       0x30 ./Drivers/STM32F4xx_HAL_Driver/Src/stm32f4xx_hal_gpio.o
                0x0000000008002e78                HAL_GPIO_ReadPin
 .text.HAL_GPIO_WritePin
                0x0000000008002ea8       0x32 ./Drivers/STM32F4xx_HAL_Driver/Src/stm32f4xx_hal_gpio.o
                0x0000000008002ea8                HAL_GPIO_WritePin
 *fill*         0x0000000008002eda        0x2 
 .text.HAL_RCC_OscConfig
                0x0000000008002edc      0x4f0 ./Drivers/STM32F4xx_HAL_Driver/Src/stm32f4xx_hal_rcc.o
                0x0000000008002edc                HAL_RCC_OscConfig
 .text.HAL_RCC_ClockConfig
                0x00000000080033cc      0x1cc ./Drivers/STM32F4xx_HAL_Driver/Src/stm32f4xx_hal_rcc.o
                0x00000000080033cc                HAL_RCC_ClockConfig
 .text.HAL_RCC_GetSysClockFreq
                0x0000000008003598      0x18c ./Drivers/STM32F4xx_HAL_Driver/Src/stm32f4xx_hal_rcc.o
                0x0000000008003598                HAL_RCC_GetSysClockFreq
 .text.HAL_SPI_Init
                0x0000000008003724      0x112 ./Drivers/STM32F4xx_HAL_Driver/Src/stm32f4xx_hal_spi.o
                0x0000000008003724                HAL_SPI_Init
 .text.HAL_SPI_Transmit
                0x0000000008003836      0x278 ./Drivers/STM32F4xx_HAL_Driver/Src/stm32f4xx_hal_spi.o
                0x0000000008003836                HAL_SPI_Transmit
 *fill*         0x0000000008003aae        0x2 
 .text.SPI_WaitFlagStateUntilTimeout
                0x0000000008003ab0      0x110 ./Drivers/STM32F4xx_HAL_Driver/Src/stm32f4xx_hal_spi.o
 .text.SPI_EndRxTxTransaction
                0x0000000008003bc0       0x84 ./Drivers/STM32F4xx_HAL_Driver/Src/stm32f4xx_hal_spi.o
 .text.__errno  0x0000000008003c44        0xc c:/st/stm32cubeide_1.12.1/stm32cubeide/plugins/com.st.stm32cube.ide.mcu.externaltools.gnu-tools-for-stm32.10.3-2021.10.win32_1.0.200.202301161003/tools/bin/../lib/gcc/arm-none-eabi/10.3.1/../../../../arm-none-eabi/lib/thumb/v7e-m+fp/hard\libc_nano.a(lib_a-errno.o)
                0x0000000008003c44                __errno
 .text.__libc_init_array
                0x0000000008003c50       0x48 c:/st/stm32cubeide_1.12.1/stm32cubeide/plugins/com.st.stm32cube.ide.mcu.externaltools.gnu-tools-for-stm32.10.3-2021.10.win32_1.0.200.202301161003/tools/bin/../lib/gcc/arm-none-eabi/10.3.1/../../../../arm-none-eabi/lib/thumb/v7e-m+fp/hard\libc_nano.a(lib_a-init.o)
                0x0000000008003c50                __libc_init_array
 .text.malloc   0x0000000008003c98       0x10 c:/st/stm32cubeide_1.12.1/stm32cubeide/plugins/com.st.stm32cube.ide.mcu.externaltools.gnu-tools-for-stm32.10.3-2021.10.win32_1.0.200.202301161003/tools/bin/../lib/gcc/arm-none-eabi/10.3.1/../../../../arm-none-eabi/lib/thumb/v7e-m+fp/hard\libc_nano.a(lib_a-malloc.o)
                0x0000000008003c98                malloc
 .text.free     0x0000000008003ca8       0x10 c:/st/stm32cubeide_1.12.1/stm32cubeide/plugins/com.st.stm32cube.ide.mcu.externaltools.gnu-tools-for-stm32.10.3-2021.10.win32_1.0.200.202301161003/tools/bin/../lib/gcc/arm-none-eabi/10.3.1/../../../../arm-none-eabi/lib/thumb/v7e-m+fp/hard\libc_nano.a(lib_a-malloc.o)
                0x0000000008003ca8                free
 .text.memset   0x0000000008003cb8       0x10 c:/st/stm32cubeide_1.12.1/stm32cubeide/plugins/com.st.stm32cube.ide.mcu.externaltools.gnu-tools-for-stm32.10.3-2021.10.win32_1.0.200.202301161003/tools/bin/../lib/gcc/arm-none-eabi/10.3.1/../../../../arm-none-eabi/lib/thumb/v7e-m+fp/hard\libc_nano.a(lib_a-memset.o)
                0x0000000008003cb8                memset
 .text._free_r  0x0000000008003cc8       0x98 c:/st/stm32cubeide_1.12.1/stm32cubeide/plugins/com.st.stm32cube.ide.mcu.externaltools.gnu-tools-for-stm32.10.3-2021.10.win32_1.0.200.202301161003/tools/bin/../lib/gcc/arm-none-eabi/10.3.1/../../../../arm-none-eabi/lib/thumb/v7e-m+fp/hard\libc_nano.a(lib_a-nano-freer.o)
                0x0000000008003cc8                _free_r
 .text.sbrk_aligned
                0x0000000008003d60       0x40 c:/st/stm32cubeide_1.12.1/stm32cubeide/plugins/com.st.stm32cube.ide.mcu.externaltools.gnu-tools-for-stm32.10.3-2021.10.win32_1.0.200.202301161003/tools/bin/../lib/gcc/arm-none-eabi/10.3.1/../../../../arm-none-eabi/lib/thumb/v7e-m+fp/hard\libc_nano.a(lib_a-nano-mallocr.o)
 .text._malloc_r
                0x0000000008003da0       0xe8 c:/st/stm32cubeide_1.12.1/stm32cubeide/plugins/com.st.stm32cube.ide.mcu.externaltools.gnu-tools-for-stm32.10.3-2021.10.win32_1.0.200.202301161003/tools/bin/../lib/gcc/arm-none-eabi/10.3.1/../../../../arm-none-eabi/lib/thumb/v7e-m+fp/hard\libc_nano.a(lib_a-nano-mallocr.o)
                0x0000000008003da0                _malloc_r
 .text.printf   0x0000000008003e88       0x30 c:/st/stm32cubeide_1.12.1/stm32cubeide/plugins/com.st.stm32cube.ide.mcu.externaltools.gnu-tools-for-stm32.10.3-2021.10.win32_1.0.200.202301161003/tools/bin/../lib/gcc/arm-none-eabi/10.3.1/../../../../arm-none-eabi/lib/thumb/v7e-m+fp/hard\libc_nano.a(lib_a-printf.o)
                0x0000000008003e88                iprintf
                0x0000000008003e88                printf
 .text._puts_r  0x0000000008003eb8       0xdc c:/st/stm32cubeide_1.12.1/stm32cubeide/plugins/com.st.stm32cube.ide.mcu.externaltools.gnu-tools-for-stm32.10.3-2021.10.win32_1.0.200.202301161003/tools/bin/../lib/gcc/arm-none-eabi/10.3.1/../../../../arm-none-eabi/lib/thumb/v7e-m+fp/hard\libc_nano.a(lib_a-puts.o)
                0x0000000008003eb8                _puts_r
 .text.puts     0x0000000008003f94       0x10 c:/st/stm32cubeide_1.12.1/stm32cubeide/plugins/com.st.stm32cube.ide.mcu.externaltools.gnu-tools-for-stm32.10.3-2021.10.win32_1.0.200.202301161003/tools/bin/../lib/gcc/arm-none-eabi/10.3.1/../../../../arm-none-eabi/lib/thumb/v7e-m+fp/hard\libc_nano.a(lib_a-puts.o)
                0x0000000008003f94                puts
 .text._sbrk_r  0x0000000008003fa4       0x20 c:/st/stm32cubeide_1.12.1/stm32cubeide/plugins/com.st.stm32cube.ide.mcu.externaltools.gnu-tools-for-stm32.10.3-2021.10.win32_1.0.200.202301161003/tools/bin/../lib/gcc/arm-none-eabi/10.3.1/../../../../arm-none-eabi/lib/thumb/v7e-m+fp/hard\libc_nano.a(lib_a-sbrkr.o)
                0x0000000008003fa4                _sbrk_r
 .text.__swbuf_r
                0x0000000008003fc4       0xa4 c:/st/stm32cubeide_1.12.1/stm32cubeide/plugins/com.st.stm32cube.ide.mcu.externaltools.gnu-tools-for-stm32.10.3-2021.10.win32_1.0.200.202301161003/tools/bin/../lib/gcc/arm-none-eabi/10.3.1/../../../../arm-none-eabi/lib/thumb/v7e-m+fp/hard\libc_nano.a(lib_a-wbuf.o)
                0x0000000008003fc4                __swbuf_r
 .text.__swsetup_r
                0x0000000008004068       0xdc c:/st/stm32cubeide_1.12.1/stm32cubeide/plugins/com.st.stm32cube.ide.mcu.externaltools.gnu-tools-for-stm32.10.3-2021.10.win32_1.0.200.202301161003/tools/bin/../lib/gcc/arm-none-eabi/10.3.1/../../../../arm-none-eabi/lib/thumb/v7e-m+fp/hard\libc_nano.a(lib_a-wsetup.o)
                0x0000000008004068                __swsetup_r
 .text.__sflush_r
                0x0000000008004144      0x10c c:/st/stm32cubeide_1.12.1/stm32cubeide/plugins/com.st.stm32cube.ide.mcu.externaltools.gnu-tools-for-stm32.10.3-2021.10.win32_1.0.200.202301161003/tools/bin/../lib/gcc/arm-none-eabi/10.3.1/../../../../arm-none-eabi/lib/thumb/v7e-m+fp/hard\libc_nano.a(lib_a-fflush.o)
                0x0000000008004144                __sflush_r
 .text._fflush_r
                0x0000000008004250       0x78 c:/st/stm32cubeide_1.12.1/stm32cubeide/plugins/com.st.stm32cube.ide.mcu.externaltools.gnu-tools-for-stm32.10.3-2021.10.win32_1.0.200.202301161003/tools/bin/../lib/gcc/arm-none-eabi/10.3.1/../../../../arm-none-eabi/lib/thumb/v7e-m+fp/hard\libc_nano.a(lib_a-fflush.o)
                0x0000000008004250                _fflush_r
 .text.std      0x00000000080042c8       0x48 c:/st/stm32cubeide_1.12.1/stm32cubeide/plugins/com.st.stm32cube.ide.mcu.externaltools.gnu-tools-for-stm32.10.3-2021.10.win32_1.0.200.202301161003/tools/bin/../lib/gcc/arm-none-eabi/10.3.1/../../../../arm-none-eabi/lib/thumb/v7e-m+fp/hard\libc_nano.a(lib_a-findfp.o)
 .text._cleanup_r
                0x0000000008004310        0xc c:/st/stm32cubeide_1.12.1/stm32cubeide/plugins/com.st.stm32cube.ide.mcu.externaltools.gnu-tools-for-stm32.10.3-2021.10.win32_1.0.200.202301161003/tools/bin/../lib/gcc/arm-none-eabi/10.3.1/../../../../arm-none-eabi/lib/thumb/v7e-m+fp/hard\libc_nano.a(lib_a-findfp.o)
                0x0000000008004310                _cleanup_r
 .text.__sfmoreglue
                0x000000000800431c       0x2c c:/st/stm32cubeide_1.12.1/stm32cubeide/plugins/com.st.stm32cube.ide.mcu.externaltools.gnu-tools-for-stm32.10.3-2021.10.win32_1.0.200.202301161003/tools/bin/../lib/gcc/arm-none-eabi/10.3.1/../../../../arm-none-eabi/lib/thumb/v7e-m+fp/hard\libc_nano.a(lib_a-findfp.o)
                0x000000000800431c                __sfmoreglue
 .text.__sfp_lock_acquire
                0x0000000008004348        0xc c:/st/stm32cubeide_1.12.1/stm32cubeide/plugins/com.st.stm32cube.ide.mcu.externaltools.gnu-tools-for-stm32.10.3-2021.10.win32_1.0.200.202301161003/tools/bin/../lib/gcc/arm-none-eabi/10.3.1/../../../../arm-none-eabi/lib/thumb/v7e-m+fp/hard\libc_nano.a(lib_a-findfp.o)
                0x0000000008004348                __sfp_lock_acquire
 .text.__sfp_lock_release
                0x0000000008004354        0xc c:/st/stm32cubeide_1.12.1/stm32cubeide/plugins/com.st.stm32cube.ide.mcu.externaltools.gnu-tools-for-stm32.10.3-2021.10.win32_1.0.200.202301161003/tools/bin/../lib/gcc/arm-none-eabi/10.3.1/../../../../arm-none-eabi/lib/thumb/v7e-m+fp/hard\libc_nano.a(lib_a-findfp.o)
                0x0000000008004354                __sfp_lock_release
 .text.__sinit_lock_acquire
                0x0000000008004360        0xc c:/st/stm32cubeide_1.12.1/stm32cubeide/plugins/com.st.stm32cube.ide.mcu.externaltools.gnu-tools-for-stm32.10.3-2021.10.win32_1.0.200.202301161003/tools/bin/../lib/gcc/arm-none-eabi/10.3.1/../../../../arm-none-eabi/lib/thumb/v7e-m+fp/hard\libc_nano.a(lib_a-findfp.o)
                0x0000000008004360                __sinit_lock_acquire
 .text.__sinit_lock_release
                0x000000000800436c        0xc c:/st/stm32cubeide_1.12.1/stm32cubeide/plugins/com.st.stm32cube.ide.mcu.externaltools.gnu-tools-for-stm32.10.3-2021.10.win32_1.0.200.202301161003/tools/bin/../lib/gcc/arm-none-eabi/10.3.1/../../../../arm-none-eabi/lib/thumb/v7e-m+fp/hard\libc_nano.a(lib_a-findfp.o)
                0x000000000800436c                __sinit_lock_release
 .text.__sinit  0x0000000008004378       0x70 c:/st/stm32cubeide_1.12.1/stm32cubeide/plugins/com.st.stm32cube.ide.mcu.externaltools.gnu-tools-for-stm32.10.3-2021.10.win32_1.0.200.202301161003/tools/bin/../lib/gcc/arm-none-eabi/10.3.1/../../../../arm-none-eabi/lib/thumb/v7e-m+fp/hard\libc_nano.a(lib_a-findfp.o)
                0x0000000008004378                __sinit
 .text.__sfp    0x00000000080043e8       0x8c c:/st/stm32cubeide_1.12.1/stm32cubeide/plugins/com.st.stm32cube.ide.mcu.externaltools.gnu-tools-for-stm32.10.3-2021.10.win32_1.0.200.202301161003/tools/bin/../lib/gcc/arm-none-eabi/10.3.1/../../../../arm-none-eabi/lib/thumb/v7e-m+fp/hard\libc_nano.a(lib_a-findfp.o)
                0x00000000080043e8                __sfp
 .text._fwalk_reent
                0x0000000008004474       0x3e c:/st/stm32cubeide_1.12.1/stm32cubeide/plugins/com.st.stm32cube.ide.mcu.externaltools.gnu-tools-for-stm32.10.3-2021.10.win32_1.0.200.202301161003/tools/bin/../lib/gcc/arm-none-eabi/10.3.1/../../../../arm-none-eabi/lib/thumb/v7e-m+fp/hard\libc_nano.a(lib_a-fwalk.o)
                0x0000000008004474                _fwalk_reent
 .text.__retarget_lock_init_recursive
                0x00000000080044b2        0x2 c:/st/stm32cubeide_1.12.1/stm32cubeide/plugins/com.st.stm32cube.ide.mcu.externaltools.gnu-tools-for-stm32.10.3-2021.10.win32_1.0.200.202301161003/tools/bin/../lib/gcc/arm-none-eabi/10.3.1/../../../../arm-none-eabi/lib/thumb/v7e-m+fp/hard\libc_nano.a(lib_a-lock.o)
                0x00000000080044b2                __retarget_lock_init_recursive
 .text.__retarget_lock_acquire_recursive
                0x00000000080044b4        0x2 c:/st/stm32cubeide_1.12.1/stm32cubeide/plugins/com.st.stm32cube.ide.mcu.externaltools.gnu-tools-for-stm32.10.3-2021.10.win32_1.0.200.202301161003/tools/bin/../lib/gcc/arm-none-eabi/10.3.1/../../../../arm-none-eabi/lib/thumb/v7e-m+fp/hard\libc_nano.a(lib_a-lock.o)
                0x00000000080044b4                __retarget_lock_acquire_recursive
 .text.__retarget_lock_release_recursive
                0x00000000080044b6        0x2 c:/st/stm32cubeide_1.12.1/stm32cubeide/plugins/com.st.stm32cube.ide.mcu.externaltools.gnu-tools-for-stm32.10.3-2021.10.win32_1.0.200.202301161003/tools/bin/../lib/gcc/arm-none-eabi/10.3.1/../../../../arm-none-eabi/lib/thumb/v7e-m+fp/hard\libc_nano.a(lib_a-lock.o)
                0x00000000080044b6                __retarget_lock_release_recursive
 .text.__swhatbuf_r
                0x00000000080044b8       0x4a c:/st/stm32cubeide_1.12.1/stm32cubeide/plugins/com.st.stm32cube.ide.mcu.externaltools.gnu-tools-for-stm32.10.3-2021.10.win32_1.0.200.202301161003/tools/bin/../lib/gcc/arm-none-eabi/10.3.1/../../../../arm-none-eabi/lib/thumb/v7e-m+fp/hard\libc_nano.a(lib_a-makebuf.o)
                0x00000000080044b8                __swhatbuf_r
 *fill*         0x0000000008004502        0x2 
 .text.__smakebuf_r
                0x0000000008004504       0x80 c:/st/stm32cubeide_1.12.1/stm32cubeide/plugins/com.st.stm32cube.ide.mcu.externaltools.gnu-tools-for-stm32.10.3-2021.10.win32_1.0.200.202301161003/tools/bin/../lib/gcc/arm-none-eabi/10.3.1/../../../../arm-none-eabi/lib/thumb/v7e-m+fp/hard\libc_nano.a(lib_a-makebuf.o)
                0x0000000008004504                __smakebuf_r
 .text.__malloc_lock
                0x0000000008004584        0xc c:/st/stm32cubeide_1.12.1/stm32cubeide/plugins/com.st.stm32cube.ide.mcu.externaltools.gnu-tools-for-stm32.10.3-2021.10.win32_1.0.200.202301161003/tools/bin/../lib/gcc/arm-none-eabi/10.3.1/../../../../arm-none-eabi/lib/thumb/v7e-m+fp/hard\libc_nano.a(lib_a-mlock.o)
                0x0000000008004584                __malloc_lock
 .text.__malloc_unlock
                0x0000000008004590        0xc c:/st/stm32cubeide_1.12.1/stm32cubeide/plugins/com.st.stm32cube.ide.mcu.externaltools.gnu-tools-for-stm32.10.3-2021.10.win32_1.0.200.202301161003/tools/bin/../lib/gcc/arm-none-eabi/10.3.1/../../../../arm-none-eabi/lib/thumb/v7e-m+fp/hard\libc_nano.a(lib_a-mlock.o)
                0x0000000008004590                __malloc_unlock
 .text.__sfputc_r
                0x000000000800459c       0x2e c:/st/stm32cubeide_1.12.1/stm32cubeide/plugins/com.st.stm32cube.ide.mcu.externaltools.gnu-tools-for-stm32.10.3-2021.10.win32_1.0.200.202301161003/tools/bin/../lib/gcc/arm-none-eabi/10.3.1/../../../../arm-none-eabi/lib/thumb/v7e-m+fp/hard\libc_nano.a(lib_a-nano-vfprintf.o)
 .text.__sfputs_r
                0x00000000080045ca       0x24 c:/st/stm32cubeide_1.12.1/stm32cubeide/plugins/com.st.stm32cube.ide.mcu.externaltools.gnu-tools-for-stm32.10.3-2021.10.win32_1.0.200.202301161003/tools/bin/../lib/gcc/arm-none-eabi/10.3.1/../../../../arm-none-eabi/lib/thumb/v7e-m+fp/hard\libc_nano.a(lib_a-nano-vfprintf.o)
                0x00000000080045ca                __sfputs_r
 *fill*         0x00000000080045ee        0x2 
 .text._vfprintf_r
                0x00000000080045f0      0x260 c:/st/stm32cubeide_1.12.1/stm32cubeide/plugins/com.st.stm32cube.ide.mcu.externaltools.gnu-tools-for-stm32.10.3-2021.10.win32_1.0.200.202301161003/tools/bin/../lib/gcc/arm-none-eabi/10.3.1/../../../../arm-none-eabi/lib/thumb/v7e-m+fp/hard\libc_nano.a(lib_a-nano-vfprintf.o)
                0x00000000080045f0                _vfprintf_r
                0x00000000080045f0                _vfiprintf_r
 .text._printf_common
                0x0000000008004850       0xda c:/st/stm32cubeide_1.12.1/stm32cubeide/plugins/com.st.stm32cube.ide.mcu.externaltools.gnu-tools-for-stm32.10.3-2021.10.win32_1.0.200.202301161003/tools/bin/../lib/gcc/arm-none-eabi/10.3.1/../../../../arm-none-eabi/lib/thumb/v7e-m+fp/hard\libc_nano.a(lib_a-nano-vfprintf_i.o)
                0x0000000008004850                _printf_common
 *fill*         0x000000000800492a        0x2 
 .text._printf_i
                0x000000000800492c      0x24c c:/st/stm32cubeide_1.12.1/stm32cubeide/plugins/com.st.stm32cube.ide.mcu.externaltools.gnu-tools-for-stm32.10.3-2021.10.win32_1.0.200.202301161003/tools/bin/../lib/gcc/arm-none-eabi/10.3.1/../../../../arm-none-eabi/lib/thumb/v7e-m+fp/hard\libc_nano.a(lib_a-nano-vfprintf_i.o)
                0x000000000800492c                _printf_i
 .text.__sread  0x0000000008004b78       0x22 c:/st/stm32cubeide_1.12.1/stm32cubeide/plugins/com.st.stm32cube.ide.mcu.externaltools.gnu-tools-for-stm32.10.3-2021.10.win32_1.0.200.202301161003/tools/bin/../lib/gcc/arm-none-eabi/10.3.1/../../../../arm-none-eabi/lib/thumb/v7e-m+fp/hard\libc_nano.a(lib_a-stdio.o)
                0x0000000008004b78                __sread
 .text.__swrite
                0x0000000008004b9a       0x38 c:/st/stm32cubeide_1.12.1/stm32cubeide/plugins/com.st.stm32cube.ide.mcu.externaltools.gnu-tools-for-stm32.10.3-2021.10.win32_1.0.200.202301161003/tools/bin/../lib/gcc/arm-none-eabi/10.3.1/../../../../arm-none-eabi/lib/thumb/v7e-m+fp/hard\libc_nano.a(lib_a-stdio.o)
                0x0000000008004b9a                __swrite
 .text.__sseek  0x0000000008004bd2       0x24 c:/st/stm32cubeide_1.12.1/stm32cubeide/plugins/com.st.stm32cube.ide.mcu.externaltools.gnu-tools-for-stm32.10.3-2021.10.win32_1.0.200.202301161003/tools/bin/../lib/gcc/arm-none-eabi/10.3.1/../../../../arm-none-eabi/lib/thumb/v7e-m+fp/hard\libc_nano.a(lib_a-stdio.o)
                0x0000000008004bd2                __sseek
 .text.__sclose
                0x0000000008004bf6        0x8 c:/st/stm32cubeide_1.12.1/stm32cubeide/plugins/com.st.stm32cube.ide.mcu.externaltools.gnu-tools-for-stm32.10.3-2021.10.win32_1.0.200.202301161003/tools/bin/../lib/gcc/arm-none-eabi/10.3.1/../../../../arm-none-eabi/lib/thumb/v7e-m+fp/hard\libc_nano.a(lib_a-stdio.o)
                0x0000000008004bf6                __sclose
 *fill*         0x0000000008004bfe        0x2 
 .text._write_r
                0x0000000008004c00       0x24 c:/st/stm32cubeide_1.12.1/stm32cubeide/plugins/com.st.stm32cube.ide.mcu.externaltools.gnu-tools-for-stm32.10.3-2021.10.win32_1.0.200.202301161003/tools/bin/../lib/gcc/arm-none-eabi/10.3.1/../../../../arm-none-eabi/lib/thumb/v7e-m+fp/hard\libc_nano.a(lib_a-writer.o)
                0x0000000008004c00                _write_r
 .text._close_r
                0x0000000008004c24       0x20 c:/st/stm32cubeide_1.12.1/stm32cubeide/plugins/com.st.stm32cube.ide.mcu.externaltools.gnu-tools-for-stm32.10.3-2021.10.win32_1.0.200.202301161003/tools/bin/../lib/gcc/arm-none-eabi/10.3.1/../../../../arm-none-eabi/lib/thumb/v7e-m+fp/hard\libc_nano.a(lib_a-closer.o)
                0x0000000008004c24                _close_r
 .text._fstat_r
                0x0000000008004c44       0x24 c:/st/stm32cubeide_1.12.1/stm32cubeide/plugins/com.st.stm32cube.ide.mcu.externaltools.gnu-tools-for-stm32.10.3-2021.10.win32_1.0.200.202301161003/tools/bin/../lib/gcc/arm-none-eabi/10.3.1/../../../../arm-none-eabi/lib/thumb/v7e-m+fp/hard\libc_nano.a(lib_a-fstatr.o)
                0x0000000008004c44                _fstat_r
 .text._isatty_r
                0x0000000008004c68       0x20 c:/st/stm32cubeide_1.12.1/stm32cubeide/plugins/com.st.stm32cube.ide.mcu.externaltools.gnu-tools-for-stm32.10.3-2021.10.win32_1.0.200.202301161003/tools/bin/../lib/gcc/arm-none-eabi/10.3.1/../../../../arm-none-eabi/lib/thumb/v7e-m+fp/hard\libc_nano.a(lib_a-isattyr.o)
                0x0000000008004c68                _isatty_r
 .text._lseek_r
                0x0000000008004c88       0x24 c:/st/stm32cubeide_1.12.1/stm32cubeide/plugins/com.st.stm32cube.ide.mcu.externaltools.gnu-tools-for-stm32.10.3-2021.10.win32_1.0.200.202301161003/tools/bin/../lib/gcc/arm-none-eabi/10.3.1/../../../../arm-none-eabi/lib/thumb/v7e-m+fp/hard\libc_nano.a(lib_a-lseekr.o)
                0x0000000008004c88                _lseek_r
 .text._read_r  0x0000000008004cac       0x24 c:/st/stm32cubeide_1.12.1/stm32cubeide/plugins/com.st.stm32cube.ide.mcu.externaltools.gnu-tools-for-stm32.10.3-2021.10.win32_1.0.200.202301161003/tools/bin/../lib/gcc/arm-none-eabi/10.3.1/../../../../arm-none-eabi/lib/thumb/v7e-m+fp/hard\libc_nano.a(lib_a-readr.o)
                0x0000000008004cac                _read_r
 *(.glue_7)
 .glue_7        0x0000000008004cd0        0x0 linker stubs
 *(.glue_7t)
 .glue_7t       0x0000000008004cd0        0x0 linker stubs
 *(.eh_frame)
 .eh_frame      0x0000000008004cd0        0x0 c:/st/stm32cubeide_1.12.1/stm32cubeide/plugins/com.st.stm32cube.ide.mcu.externaltools.gnu-tools-for-stm32.10.3-2021.10.win32_1.0.200.202301161003/tools/bin/../lib/gcc/arm-none-eabi/10.3.1/thumb/v7e-m+fp/hard/crtbegin.o
 *(.init)
 .init          0x0000000008004cd0        0x4 c:/st/stm32cubeide_1.12.1/stm32cubeide/plugins/com.st.stm32cube.ide.mcu.externaltools.gnu-tools-for-stm32.10.3-2021.10.win32_1.0.200.202301161003/tools/bin/../lib/gcc/arm-none-eabi/10.3.1/thumb/v7e-m+fp/hard/crti.o
                0x0000000008004cd0                _init
 .init          0x0000000008004cd4        0x8 c:/st/stm32cubeide_1.12.1/stm32cubeide/plugins/com.st.stm32cube.ide.mcu.externaltools.gnu-tools-for-stm32.10.3-2021.10.win32_1.0.200.202301161003/tools/bin/../lib/gcc/arm-none-eabi/10.3.1/thumb/v7e-m+fp/hard/crtn.o
 *(.fini)
 .fini          0x0000000008004cdc        0x4 c:/st/stm32cubeide_1.12.1/stm32cubeide/plugins/com.st.stm32cube.ide.mcu.externaltools.gnu-tools-for-stm32.10.3-2021.10.win32_1.0.200.202301161003/tools/bin/../lib/gcc/arm-none-eabi/10.3.1/thumb/v7e-m+fp/hard/crti.o
                0x0000000008004cdc                _fini
 .fini          0x0000000008004ce0        0x8 c:/st/stm32cubeide_1.12.1/stm32cubeide/plugins/com.st.stm32cube.ide.mcu.externaltools.gnu-tools-for-stm32.10.3-2021.10.win32_1.0.200.202301161003/tools/bin/../lib/gcc/arm-none-eabi/10.3.1/thumb/v7e-m+fp/hard/crtn.o
                0x0000000008004ce8                . = ALIGN (0x4)
                0x0000000008004ce8                _etext = .

.vfp11_veneer   0x0000000008004ce8        0x0
 .vfp11_veneer  0x0000000008004ce8        0x0 linker stubs

.v4_bx          0x0000000008004ce8        0x0
 .v4_bx         0x0000000008004ce8        0x0 linker stubs

.iplt           0x0000000008004ce8        0x0
 .iplt          0x0000000008004ce8        0x0 c:/st/stm32cubeide_1.12.1/stm32cubeide/plugins/com.st.stm32cube.ide.mcu.externaltools.gnu-tools-for-stm32.10.3-2021.10.win32_1.0.200.202301161003/tools/bin/../lib/gcc/arm-none-eabi/10.3.1/thumb/v7e-m+fp/hard/crtbegin.o

.rodata         0x0000000008004ce8     0x5498
                0x0000000008004ce8                . = ALIGN (0x4)
 *(.rodata)
 .rodata        0x0000000008004ce8       0x35 ./Core/Src/EPD_2in9_V2.o
 *fill*         0x0000000008004d1d        0x3 
 .rodata        0x0000000008004d20      0x14d ./Core/Src/EPD_2in9_V2_test.o
 *fill*         0x0000000008004e6d        0x3 
 .rodata        0x0000000008004e70      0x356 ./Core/Src/GUI_Paint.o
 *(.rodata*)
 *fill*         0x00000000080051c6        0x2 
 .rodata.Font12_Table
                0x00000000080051c8      0x474 ./Core/Fonts/font12.o
                0x00000000080051c8                Font12_Table
 .rodata.Font16_Table
                0x000000000800563c      0xbe0 ./Core/Fonts/font16.o
                0x000000000800563c                Font16_Table
 .rodata.Font24_Table
                0x000000000800621c     0x1ab8 ./Core/Fonts/font24.o
                0x000000000800621c                Font24_Table
 .rodata.Font24CN_Table
                0x0000000008007cd4     0x1182 ./Core/Fonts/font24CN.o
                0x0000000008007cd4                Font24CN_Table
 *fill*         0x0000000008008e56        0x2 
 .rodata.gImage_2in9
                0x0000000008008e58     0x1280 ./Core/Src/ImageData.o
                0x0000000008008e58                gImage_2in9
 .rodata.AHBPrescTable
                0x000000000800a0d8       0x10 ./Core/Src/system_stm32f4xx.o
                0x000000000800a0d8                AHBPrescTable
 .rodata._global_impure_ptr
                0x000000000800a0e8        0x4 c:/st/stm32cubeide_1.12.1/stm32cubeide/plugins/com.st.stm32cube.ide.mcu.externaltools.gnu-tools-for-stm32.10.3-2021.10.win32_1.0.200.202301161003/tools/bin/../lib/gcc/arm-none-eabi/10.3.1/../../../../arm-none-eabi/lib/thumb/v7e-m+fp/hard\libc_nano.a(lib_a-impure.o)
                0x000000000800a0e8                _global_impure_ptr
 .rodata.__sf_fake_stderr
                0x000000000800a0ec       0x20 c:/st/stm32cubeide_1.12.1/stm32cubeide/plugins/com.st.stm32cube.ide.mcu.externaltools.gnu-tools-for-stm32.10.3-2021.10.win32_1.0.200.202301161003/tools/bin/../lib/gcc/arm-none-eabi/10.3.1/../../../../arm-none-eabi/lib/thumb/v7e-m+fp/hard\libc_nano.a(lib_a-findfp.o)
                0x000000000800a0ec                __sf_fake_stderr
 .rodata.__sf_fake_stdin
                0x000000000800a10c       0x20 c:/st/stm32cubeide_1.12.1/stm32cubeide/plugins/com.st.stm32cube.ide.mcu.externaltools.gnu-tools-for-stm32.10.3-2021.10.win32_1.0.200.202301161003/tools/bin/../lib/gcc/arm-none-eabi/10.3.1/../../../../arm-none-eabi/lib/thumb/v7e-m+fp/hard\libc_nano.a(lib_a-findfp.o)
                0x000000000800a10c                __sf_fake_stdin
 .rodata.__sf_fake_stdout
                0x000000000800a12c       0x20 c:/st/stm32cubeide_1.12.1/stm32cubeide/plugins/com.st.stm32cube.ide.mcu.externaltools.gnu-tools-for-stm32.10.3-2021.10.win32_1.0.200.202301161003/tools/bin/../lib/gcc/arm-none-eabi/10.3.1/../../../../arm-none-eabi/lib/thumb/v7e-m+fp/hard\libc_nano.a(lib_a-findfp.o)
                0x000000000800a12c                __sf_fake_stdout
 .rodata._vfprintf_r.str1.1
                0x000000000800a14c       0x11 c:/st/stm32cubeide_1.12.1/stm32cubeide/plugins/com.st.stm32cube.ide.mcu.externaltools.gnu-tools-for-stm32.10.3-2021.10.win32_1.0.200.202301161003/tools/bin/../lib/gcc/arm-none-eabi/10.3.1/../../../../arm-none-eabi/lib/thumb/v7e-m+fp/hard\libc_nano.a(lib_a-nano-vfprintf.o)
 .rodata._printf_i.str1.1
                0x000000000800a15d       0x22 c:/st/stm32cubeide_1.12.1/stm32cubeide/plugins/com.st.stm32cube.ide.mcu.externaltools.gnu-tools-for-stm32.10.3-2021.10.win32_1.0.200.202301161003/tools/bin/../lib/gcc/arm-none-eabi/10.3.1/../../../../arm-none-eabi/lib/thumb/v7e-m+fp/hard\libc_nano.a(lib_a-nano-vfprintf_i.o)
                0x000000000800a180                . = ALIGN (0x4)
 *fill*         0x000000000800a17f        0x1 

.ARM.extab      0x000000000800a180        0x0
                0x000000000800a180                . = ALIGN (0x4)
 *(.ARM.extab* .gnu.linkonce.armextab.*)
                0x000000000800a180                . = ALIGN (0x4)

.ARM            0x000000000800a180        0x8
                0x000000000800a180                . = ALIGN (0x4)
                0x000000000800a180                __exidx_start = .
 *(.ARM.exidx*)
 .ARM.exidx     0x000000000800a180        0x8 c:/st/stm32cubeide_1.12.1/stm32cubeide/plugins/com.st.stm32cube.ide.mcu.externaltools.gnu-tools-for-stm32.10.3-2021.10.win32_1.0.200.202301161003/tools/bin/../lib/gcc/arm-none-eabi/10.3.1/thumb/v7e-m+fp/hard\libgcc.a(_udivmoddi4.o)
                0x000000000800a188                __exidx_end = .
                0x000000000800a188                . = ALIGN (0x4)

.rel.dyn        0x000000000800a188        0x0
 .rel.iplt      0x000000000800a188        0x0 c:/st/stm32cubeide_1.12.1/stm32cubeide/plugins/com.st.stm32cube.ide.mcu.externaltools.gnu-tools-for-stm32.10.3-2021.10.win32_1.0.200.202301161003/tools/bin/../lib/gcc/arm-none-eabi/10.3.1/thumb/v7e-m+fp/hard/crtbegin.o

.preinit_array  0x000000000800a188        0x0
                0x000000000800a188                . = ALIGN (0x4)
                0x000000000800a188                PROVIDE (__preinit_array_start = .)
 *(.preinit_array*)
                0x000000000800a188                PROVIDE (__preinit_array_end = .)
                0x000000000800a188                . = ALIGN (0x4)

.init_array     0x000000000800a188        0x4
                0x000000000800a188                . = ALIGN (0x4)
                0x000000000800a188                PROVIDE (__init_array_start = .)
 *(SORT_BY_NAME(.init_array.*))
 *(.init_array*)
 .init_array    0x000000000800a188        0x4 c:/st/stm32cubeide_1.12.1/stm32cubeide/plugins/com.st.stm32cube.ide.mcu.externaltools.gnu-tools-for-stm32.10.3-2021.10.win32_1.0.200.202301161003/tools/bin/../lib/gcc/arm-none-eabi/10.3.1/thumb/v7e-m+fp/hard/crtbegin.o
                0x000000000800a18c                PROVIDE (__init_array_end = .)
                0x000000000800a18c                . = ALIGN (0x4)

.fini_array     0x000000000800a18c        0x4
                0x000000000800a18c                . = ALIGN (0x4)
                [!provide]                        PROVIDE (__fini_array_start = .)
 *(SORT_BY_NAME(.fini_array.*))
 *(.fini_array*)
 .fini_array    0x000000000800a18c        0x4 c:/st/stm32cubeide_1.12.1/stm32cubeide/plugins/com.st.stm32cube.ide.mcu.externaltools.gnu-tools-for-stm32.10.3-2021.10.win32_1.0.200.202301161003/tools/bin/../lib/gcc/arm-none-eabi/10.3.1/thumb/v7e-m+fp/hard/crtbegin.o
                [!provide]                        PROVIDE (__fini_array_end = .)
                0x000000000800a190                . = ALIGN (0x4)
                0x000000000800a190                _sidata = LOADADDR (.data)

.data           0x0000000020000000      0x1d4 load address 0x000000000800a190
                0x0000000020000000                . = ALIGN (0x4)
                0x0000000020000000                _sdata = .
 *(.data)
 *(.data*)
 .data.Font12   0x0000000020000000        0x8 ./Core/Fonts/font12.o
                0x0000000020000000                Font12
 .data.Font16   0x0000000020000008        0x8 ./Core/Fonts/font16.o
                0x0000000020000008                Font16
 .data.Font24   0x0000000020000010        0x8 ./Core/Fonts/font24.o
                0x0000000020000010                Font24
 .data.Font24CN
                0x0000000020000018        0xc ./Core/Fonts/font24CN.o
                0x0000000020000018                Font24CN
 .data._WF_PARTIAL_2IN9
                0x0000000020000024       0x9f ./Core/Src/EPD_2in9_V2.o
                0x0000000020000024                _WF_PARTIAL_2IN9
 *fill*         0x00000000200000c3        0x1 
 .data.WS_20_30
                0x00000000200000c4       0x9f ./Core/Src/EPD_2in9_V2.o
                0x00000000200000c4                WS_20_30
 *fill*         0x0000000020000163        0x1 
 .data.SystemCoreClock
                0x0000000020000164        0x4 ./Core/Src/system_stm32f4xx.o
                0x0000000020000164                SystemCoreClock
 .data.uwTickPrio
                0x0000000020000168        0x4 ./Drivers/STM32F4xx_HAL_Driver/Src/stm32f4xx_hal.o
                0x0000000020000168                uwTickPrio
 .data.uwTickFreq
                0x000000002000016c        0x1 ./Drivers/STM32F4xx_HAL_Driver/Src/stm32f4xx_hal.o
                0x000000002000016c                uwTickFreq
 *fill*         0x000000002000016d        0x3 
 .data._impure_ptr
                0x0000000020000170        0x4 c:/st/stm32cubeide_1.12.1/stm32cubeide/plugins/com.st.stm32cube.ide.mcu.externaltools.gnu-tools-for-stm32.10.3-2021.10.win32_1.0.200.202301161003/tools/bin/../lib/gcc/arm-none-eabi/10.3.1/../../../../arm-none-eabi/lib/thumb/v7e-m+fp/hard\libc_nano.a(lib_a-impure.o)
                0x0000000020000170                _impure_ptr
 .data.impure_data
                0x0000000020000174       0x60 c:/st/stm32cubeide_1.12.1/stm32cubeide/plugins/com.st.stm32cube.ide.mcu.externaltools.gnu-tools-for-stm32.10.3-2021.10.win32_1.0.200.202301161003/tools/bin/../lib/gcc/arm-none-eabi/10.3.1/../../../../arm-none-eabi/lib/thumb/v7e-m+fp/hard\libc_nano.a(lib_a-impure.o)
 *(.RamFunc)
 *(.RamFunc*)
                0x00000000200001d4                . = ALIGN (0x4)
                0x00000000200001d4                _edata = .

.igot.plt       0x00000000200001d4        0x0 load address 0x000000000800a364
 .igot.plt      0x00000000200001d4        0x0 c:/st/stm32cubeide_1.12.1/stm32cubeide/plugins/com.st.stm32cube.ide.mcu.externaltools.gnu-tools-for-stm32.10.3-2021.10.win32_1.0.200.202301161003/tools/bin/../lib/gcc/arm-none-eabi/10.3.1/thumb/v7e-m+fp/hard/crtbegin.o
                0x00000000200001d4                . = ALIGN (0x4)

.bss            0x00000000200001d4       0xa4 load address 0x000000000800a364
                0x00000000200001d4                _sbss = .
                0x00000000200001d4                __bss_start__ = _sbss
 *(.bss)
 .bss           0x00000000200001d4       0x1c c:/st/stm32cubeide_1.12.1/stm32cubeide/plugins/com.st.stm32cube.ide.mcu.externaltools.gnu-tools-for-stm32.10.3-2021.10.win32_1.0.200.202301161003/tools/bin/../lib/gcc/arm-none-eabi/10.3.1/thumb/v7e-m+fp/hard/crtbegin.o
 *(.bss*)
 .bss.Paint     0x00000000200001f0       0x18 ./Core/Src/GUI_Paint.o
                0x00000000200001f0                Paint
 .bss.hspi1     0x0000000020000208       0x58 ./Core/Src/main.o
                0x0000000020000208                hspi1
 .bss.__sbrk_heap_end
                0x0000000020000260        0x4 ./Core/Src/sysmem.o
 .bss.uwTick    0x0000000020000264        0x4 ./Drivers/STM32F4xx_HAL_Driver/Src/stm32f4xx_hal.o
                0x0000000020000264                uwTick
 .bss.__malloc_free_list
                0x0000000020000268        0x4 c:/st/stm32cubeide_1.12.1/stm32cubeide/plugins/com.st.stm32cube.ide.mcu.externaltools.gnu-tools-for-stm32.10.3-2021.10.win32_1.0.200.202301161003/tools/bin/../lib/gcc/arm-none-eabi/10.3.1/../../../../arm-none-eabi/lib/thumb/v7e-m+fp/hard\libc_nano.a(lib_a-nano-mallocr.o)
                0x0000000020000268                __malloc_free_list
 .bss.__malloc_sbrk_start
                0x000000002000026c        0x4 c:/st/stm32cubeide_1.12.1/stm32cubeide/plugins/com.st.stm32cube.ide.mcu.externaltools.gnu-tools-for-stm32.10.3-2021.10.win32_1.0.200.202301161003/tools/bin/../lib/gcc/arm-none-eabi/10.3.1/../../../../arm-none-eabi/lib/thumb/v7e-m+fp/hard\libc_nano.a(lib_a-nano-mallocr.o)
                0x000000002000026c                __malloc_sbrk_start
 .bss.__lock___malloc_recursive_mutex
                0x0000000020000270        0x1 c:/st/stm32cubeide_1.12.1/stm32cubeide/plugins/com.st.stm32cube.ide.mcu.externaltools.gnu-tools-for-stm32.10.3-2021.10.win32_1.0.200.202301161003/tools/bin/../lib/gcc/arm-none-eabi/10.3.1/../../../../arm-none-eabi/lib/thumb/v7e-m+fp/hard\libc_nano.a(lib_a-lock.o)
                0x0000000020000270                __lock___malloc_recursive_mutex
 .bss.__lock___sfp_recursive_mutex
                0x0000000020000271        0x1 c:/st/stm32cubeide_1.12.1/stm32cubeide/plugins/com.st.stm32cube.ide.mcu.externaltools.gnu-tools-for-stm32.10.3-2021.10.win32_1.0.200.202301161003/tools/bin/../lib/gcc/arm-none-eabi/10.3.1/../../../../arm-none-eabi/lib/thumb/v7e-m+fp/hard\libc_nano.a(lib_a-lock.o)
                0x0000000020000271                __lock___sfp_recursive_mutex
 .bss.__lock___sinit_recursive_mutex
                0x0000000020000272        0x1 c:/st/stm32cubeide_1.12.1/stm32cubeide/plugins/com.st.stm32cube.ide.mcu.externaltools.gnu-tools-for-stm32.10.3-2021.10.win32_1.0.200.202301161003/tools/bin/../lib/gcc/arm-none-eabi/10.3.1/../../../../arm-none-eabi/lib/thumb/v7e-m+fp/hard\libc_nano.a(lib_a-lock.o)
                0x0000000020000272                __lock___sinit_recursive_mutex
 *fill*         0x0000000020000273        0x1 
 .bss.errno     0x0000000020000274        0x4 c:/st/stm32cubeide_1.12.1/stm32cubeide/plugins/com.st.stm32cube.ide.mcu.externaltools.gnu-tools-for-stm32.10.3-2021.10.win32_1.0.200.202301161003/tools/bin/../lib/gcc/arm-none-eabi/10.3.1/../../../../arm-none-eabi/lib/thumb/v7e-m+fp/hard\libc_nano.a(lib_a-reent.o)
                0x0000000020000274                errno
 *(COMMON)
                0x0000000020000278                . = ALIGN (0x4)
                0x0000000020000278                _ebss = .
                0x0000000020000278                __bss_end__ = _ebss

._user_heap_stack
                0x0000000020000278      0x600 load address 0x000000000800a364
                0x0000000020000278                . = ALIGN (0x8)
                [!provide]                        PROVIDE (end = .)
                0x0000000020000278                PROVIDE (_end = .)
                0x0000000020000478                . = (. + _Min_Heap_Size)
 *fill*         0x0000000020000278      0x200 
                0x0000000020000878                . = (. + _Min_Stack_Size)
 *fill*         0x0000000020000478      0x400 
                0x0000000020000878                . = ALIGN (0x8)

/DISCARD/
 libc.a(*)
 libm.a(*)
 libgcc.a(*)

.ARM.attributes
                0x0000000000000000       0x30
 *(.ARM.attributes)
 .ARM.attributes
                0x0000000000000000       0x1e c:/st/stm32cubeide_1.12.1/stm32cubeide/plugins/com.st.stm32cube.ide.mcu.externaltools.gnu-tools-for-stm32.10.3-2021.10.win32_1.0.200.202301161003/tools/bin/../lib/gcc/arm-none-eabi/10.3.1/thumb/v7e-m+fp/hard/crti.o
 .ARM.attributes
                0x000000000000001e       0x34 c:/st/stm32cubeide_1.12.1/stm32cubeide/plugins/com.st.stm32cube.ide.mcu.externaltools.gnu-tools-for-stm32.10.3-2021.10.win32_1.0.200.202301161003/tools/bin/../lib/gcc/arm-none-eabi/10.3.1/thumb/v7e-m+fp/hard/crtbegin.o
 .ARM.attributes
                0x0000000000000052       0x34 ./Core/Fonts/font12.o
 .ARM.attributes
                0x0000000000000086       0x34 ./Core/Fonts/font16.o
 .ARM.attributes
                0x00000000000000ba       0x34 ./Core/Fonts/font24.o
 .ARM.attributes
                0x00000000000000ee       0x34 ./Core/Fonts/font24CN.o
 .ARM.attributes
                0x0000000000000122       0x34 ./Core/Src/DEV_Config.o
 .ARM.attributes
                0x0000000000000156       0x34 ./Core/Src/EPD_2in9_V2.o
 .ARM.attributes
                0x000000000000018a       0x34 ./Core/Src/EPD_2in9_V2_test.o
 .ARM.attributes
                0x00000000000001be       0x34 ./Core/Src/GUI_Paint.o
 .ARM.attributes
                0x00000000000001f2       0x34 ./Core/Src/ImageData.o
 .ARM.attributes
                0x0000000000000226       0x34 ./Core/Src/main.o
 .ARM.attributes
                0x000000000000025a       0x34 ./Core/Src/stm32f4xx_hal_msp.o
 .ARM.attributes
                0x000000000000028e       0x34 ./Core/Src/stm32f4xx_it.o
 .ARM.attributes
                0x00000000000002c2       0x34 ./Core/Src/syscalls.o
 .ARM.attributes
                0x00000000000002f6       0x34 ./Core/Src/sysmem.o
 .ARM.attributes
                0x000000000000032a       0x34 ./Core/Src/system_stm32f4xx.o
 .ARM.attributes
                0x000000000000035e       0x21 ./Core/Startup/startup_stm32f401cdux.o
 .ARM.attributes
                0x000000000000037f       0x34 ./Drivers/STM32F4xx_HAL_Driver/Src/stm32f4xx_hal.o
 .ARM.attributes
                0x00000000000003b3       0x34 ./Drivers/STM32F4xx_HAL_Driver/Src/stm32f4xx_hal_cortex.o
 .ARM.attributes
                0x00000000000003e7       0x34 ./Drivers/STM32F4xx_HAL_Driver/Src/stm32f4xx_hal_gpio.o
 .ARM.attributes
                0x000000000000041b       0x34 ./Drivers/STM32F4xx_HAL_Driver/Src/stm32f4xx_hal_rcc.o
 .ARM.attributes
                0x000000000000044f       0x34 ./Drivers/STM32F4xx_HAL_Driver/Src/stm32f4xx_hal_spi.o
 .ARM.attributes
                0x0000000000000483       0x34 c:/st/stm32cubeide_1.12.1/stm32cubeide/plugins/com.st.stm32cube.ide.mcu.externaltools.gnu-tools-for-stm32.10.3-2021.10.win32_1.0.200.202301161003/tools/bin/../lib/gcc/arm-none-eabi/10.3.1/../../../../arm-none-eabi/lib/thumb/v7e-m+fp/hard\libc_nano.a(lib_a-errno.o)
 .ARM.attributes
                0x00000000000004b7       0x34 c:/st/stm32cubeide_1.12.1/stm32cubeide/plugins/com.st.stm32cube.ide.mcu.externaltools.gnu-tools-for-stm32.10.3-2021.10.win32_1.0.200.202301161003/tools/bin/../lib/gcc/arm-none-eabi/10.3.1/../../../../arm-none-eabi/lib/thumb/v7e-m+fp/hard\libc_nano.a(lib_a-impure.o)
 .ARM.attributes
                0x00000000000004eb       0x34 c:/st/stm32cubeide_1.12.1/stm32cubeide/plugins/com.st.stm32cube.ide.mcu.externaltools.gnu-tools-for-stm32.10.3-2021.10.win32_1.0.200.202301161003/tools/bin/../lib/gcc/arm-none-eabi/10.3.1/../../../../arm-none-eabi/lib/thumb/v7e-m+fp/hard\libc_nano.a(lib_a-init.o)
 .ARM.attributes
                0x000000000000051f       0x34 c:/st/stm32cubeide_1.12.1/stm32cubeide/plugins/com.st.stm32cube.ide.mcu.externaltools.gnu-tools-for-stm32.10.3-2021.10.win32_1.0.200.202301161003/tools/bin/../lib/gcc/arm-none-eabi/10.3.1/../../../../arm-none-eabi/lib/thumb/v7e-m+fp/hard\libc_nano.a(lib_a-malloc.o)
 .ARM.attributes
                0x0000000000000553       0x34 c:/st/stm32cubeide_1.12.1/stm32cubeide/plugins/com.st.stm32cube.ide.mcu.externaltools.gnu-tools-for-stm32.10.3-2021.10.win32_1.0.200.202301161003/tools/bin/../lib/gcc/arm-none-eabi/10.3.1/../../../../arm-none-eabi/lib/thumb/v7e-m+fp/hard\libc_nano.a(lib_a-memset.o)
 .ARM.attributes
                0x0000000000000587       0x34 c:/st/stm32cubeide_1.12.1/stm32cubeide/plugins/com.st.stm32cube.ide.mcu.externaltools.gnu-tools-for-stm32.10.3-2021.10.win32_1.0.200.202301161003/tools/bin/../lib/gcc/arm-none-eabi/10.3.1/../../../../arm-none-eabi/lib/thumb/v7e-m+fp/hard\libc_nano.a(lib_a-nano-freer.o)
 .ARM.attributes
                0x00000000000005bb       0x34 c:/st/stm32cubeide_1.12.1/stm32cubeide/plugins/com.st.stm32cube.ide.mcu.externaltools.gnu-tools-for-stm32.10.3-2021.10.win32_1.0.200.202301161003/tools/bin/../lib/gcc/arm-none-eabi/10.3.1/../../../../arm-none-eabi/lib/thumb/v7e-m+fp/hard\libc_nano.a(lib_a-nano-mallocr.o)
 .ARM.attributes
                0x00000000000005ef       0x34 c:/st/stm32cubeide_1.12.1/stm32cubeide/plugins/com.st.stm32cube.ide.mcu.externaltools.gnu-tools-for-stm32.10.3-2021.10.win32_1.0.200.202301161003/tools/bin/../lib/gcc/arm-none-eabi/10.3.1/../../../../arm-none-eabi/lib/thumb/v7e-m+fp/hard\libc_nano.a(lib_a-printf.o)
 .ARM.attributes
                0x0000000000000623       0x34 c:/st/stm32cubeide_1.12.1/stm32cubeide/plugins/com.st.stm32cube.ide.mcu.externaltools.gnu-tools-for-stm32.10.3-2021.10.win32_1.0.200.202301161003/tools/bin/../lib/gcc/arm-none-eabi/10.3.1/../../../../arm-none-eabi/lib/thumb/v7e-m+fp/hard\libc_nano.a(lib_a-puts.o)
 .ARM.attributes
                0x0000000000000657       0x34 c:/st/stm32cubeide_1.12.1/stm32cubeide/plugins/com.st.stm32cube.ide.mcu.externaltools.gnu-tools-for-stm32.10.3-2021.10.win32_1.0.200.202301161003/tools/bin/../lib/gcc/arm-none-eabi/10.3.1/../../../../arm-none-eabi/lib/thumb/v7e-m+fp/hard\libc_nano.a(lib_a-sbrkr.o)
 .ARM.attributes
                0x000000000000068b       0x34 c:/st/stm32cubeide_1.12.1/stm32cubeide/plugins/com.st.stm32cube.ide.mcu.externaltools.gnu-tools-for-stm32.10.3-2021.10.win32_1.0.200.202301161003/tools/bin/../lib/gcc/arm-none-eabi/10.3.1/../../../../arm-none-eabi/lib/thumb/v7e-m+fp/hard\libc_nano.a(lib_a-wbuf.o)
 .ARM.attributes
                0x00000000000006bf       0x34 c:/st/stm32cubeide_1.12.1/stm32cubeide/plugins/com.st.stm32cube.ide.mcu.externaltools.gnu-tools-for-stm32.10.3-2021.10.win32_1.0.200.202301161003/tools/bin/../lib/gcc/arm-none-eabi/10.3.1/../../../../arm-none-eabi/lib/thumb/v7e-m+fp/hard\libc_nano.a(lib_a-wsetup.o)
 .ARM.attributes
                0x00000000000006f3       0x34 c:/st/stm32cubeide_1.12.1/stm32cubeide/plugins/com.st.stm32cube.ide.mcu.externaltools.gnu-tools-for-stm32.10.3-2021.10.win32_1.0.200.202301161003/tools/bin/../lib/gcc/arm-none-eabi/10.3.1/../../../../arm-none-eabi/lib/thumb/v7e-m+fp/hard\libc_nano.a(lib_a-fflush.o)
 .ARM.attributes
                0x0000000000000727       0x34 c:/st/stm32cubeide_1.12.1/stm32cubeide/plugins/com.st.stm32cube.ide.mcu.externaltools.gnu-tools-for-stm32.10.3-2021.10.win32_1.0.200.202301161003/tools/bin/../lib/gcc/arm-none-eabi/10.3.1/../../../../arm-none-eabi/lib/thumb/v7e-m+fp/hard\libc_nano.a(lib_a-findfp.o)
 .ARM.attributes
                0x000000000000075b       0x34 c:/st/stm32cubeide_1.12.1/stm32cubeide/plugins/com.st.stm32cube.ide.mcu.externaltools.gnu-tools-for-stm32.10.3-2021.10.win32_1.0.200.202301161003/tools/bin/../lib/gcc/arm-none-eabi/10.3.1/../../../../arm-none-eabi/lib/thumb/v7e-m+fp/hard\libc_nano.a(lib_a-fwalk.o)
 .ARM.attributes
                0x000000000000078f       0x34 c:/st/stm32cubeide_1.12.1/stm32cubeide/plugins/com.st.stm32cube.ide.mcu.externaltools.gnu-tools-for-stm32.10.3-2021.10.win32_1.0.200.202301161003/tools/bin/../lib/gcc/arm-none-eabi/10.3.1/../../../../arm-none-eabi/lib/thumb/v7e-m+fp/hard\libc_nano.a(lib_a-lock.o)
 .ARM.attributes
                0x00000000000007c3       0x34 c:/st/stm32cubeide_1.12.1/stm32cubeide/plugins/com.st.stm32cube.ide.mcu.externaltools.gnu-tools-for-stm32.10.3-2021.10.win32_1.0.200.202301161003/tools/bin/../lib/gcc/arm-none-eabi/10.3.1/../../../../arm-none-eabi/lib/thumb/v7e-m+fp/hard\libc_nano.a(lib_a-makebuf.o)
 .ARM.attributes
                0x00000000000007f7       0x34 c:/st/stm32cubeide_1.12.1/stm32cubeide/plugins/com.st.stm32cube.ide.mcu.externaltools.gnu-tools-for-stm32.10.3-2021.10.win32_1.0.200.202301161003/tools/bin/../lib/gcc/arm-none-eabi/10.3.1/../../../../arm-none-eabi/lib/thumb/v7e-m+fp/hard\libc_nano.a(lib_a-mlock.o)
 .ARM.attributes
                0x000000000000082b       0x34 c:/st/stm32cubeide_1.12.1/stm32cubeide/plugins/com.st.stm32cube.ide.mcu.externaltools.gnu-tools-for-stm32.10.3-2021.10.win32_1.0.200.202301161003/tools/bin/../lib/gcc/arm-none-eabi/10.3.1/../../../../arm-none-eabi/lib/thumb/v7e-m+fp/hard\libc_nano.a(lib_a-nano-vfprintf.o)
 .ARM.attributes
                0x000000000000085f       0x34 c:/st/stm32cubeide_1.12.1/stm32cubeide/plugins/com.st.stm32cube.ide.mcu.externaltools.gnu-tools-for-stm32.10.3-2021.10.win32_1.0.200.202301161003/tools/bin/../lib/gcc/arm-none-eabi/10.3.1/../../../../arm-none-eabi/lib/thumb/v7e-m+fp/hard\libc_nano.a(lib_a-nano-vfprintf_i.o)
 .ARM.attributes
                0x0000000000000893       0x34 c:/st/stm32cubeide_1.12.1/stm32cubeide/plugins/com.st.stm32cube.ide.mcu.externaltools.gnu-tools-for-stm32.10.3-2021.10.win32_1.0.200.202301161003/tools/bin/../lib/gcc/arm-none-eabi/10.3.1/../../../../arm-none-eabi/lib/thumb/v7e-m+fp/hard\libc_nano.a(lib_a-reent.o)
 .ARM.attributes
                0x00000000000008c7       0x34 c:/st/stm32cubeide_1.12.1/stm32cubeide/plugins/com.st.stm32cube.ide.mcu.externaltools.gnu-tools-for-stm32.10.3-2021.10.win32_1.0.200.202301161003/tools/bin/../lib/gcc/arm-none-eabi/10.3.1/../../../../arm-none-eabi/lib/thumb/v7e-m+fp/hard\libc_nano.a(lib_a-stdio.o)
 .ARM.attributes
                0x00000000000008fb       0x34 c:/st/stm32cubeide_1.12.1/stm32cubeide/plugins/com.st.stm32cube.ide.mcu.externaltools.gnu-tools-for-stm32.10.3-2021.10.win32_1.0.200.202301161003/tools/bin/../lib/gcc/arm-none-eabi/10.3.1/../../../../arm-none-eabi/lib/thumb/v7e-m+fp/hard\libc_nano.a(lib_a-writer.o)
 .ARM.attributes
                0x000000000000092f       0x34 c:/st/stm32cubeide_1.12.1/stm32cubeide/plugins/com.st.stm32cube.ide.mcu.externaltools.gnu-tools-for-stm32.10.3-2021.10.win32_1.0.200.202301161003/tools/bin/../lib/gcc/arm-none-eabi/10.3.1/../../../../arm-none-eabi/lib/thumb/v7e-m+fp/hard\libc_nano.a(lib_a-closer.o)
 .ARM.attributes
                0x0000000000000963       0x34 c:/st/stm32cubeide_1.12.1/stm32cubeide/plugins/com.st.stm32cube.ide.mcu.externaltools.gnu-tools-for-stm32.10.3-2021.10.win32_1.0.200.202301161003/tools/bin/../lib/gcc/arm-none-eabi/10.3.1/../../../../arm-none-eabi/lib/thumb/v7e-m+fp/hard\libc_nano.a(lib_a-fstatr.o)
 .ARM.attributes
                0x0000000000000997       0x34 c:/st/stm32cubeide_1.12.1/stm32cubeide/plugins/com.st.stm32cube.ide.mcu.externaltools.gnu-tools-for-stm32.10.3-2021.10.win32_1.0.200.202301161003/tools/bin/../lib/gcc/arm-none-eabi/10.3.1/../../../../arm-none-eabi/lib/thumb/v7e-m+fp/hard\libc_nano.a(lib_a-isattyr.o)
 .ARM.attributes
                0x00000000000009cb       0x34 c:/st/stm32cubeide_1.12.1/stm32cubeide/plugins/com.st.stm32cube.ide.mcu.externaltools.gnu-tools-for-stm32.10.3-2021.10.win32_1.0.200.202301161003/tools/bin/../lib/gcc/arm-none-eabi/10.3.1/../../../../arm-none-eabi/lib/thumb/v7e-m+fp/hard\libc_nano.a(lib_a-lseekr.o)
 .ARM.attributes
                0x00000000000009ff       0x1c c:/st/stm32cubeide_1.12.1/stm32cubeide/plugins/com.st.stm32cube.ide.mcu.externaltools.gnu-tools-for-stm32.10.3-2021.10.win32_1.0.200.202301161003/tools/bin/../lib/gcc/arm-none-eabi/10.3.1/../../../../arm-none-eabi/lib/thumb/v7e-m+fp/hard\libc_nano.a(lib_a-memchr.o)
 .ARM.attributes
                0x0000000000000a1b       0x34 c:/st/stm32cubeide_1.12.1/stm32cubeide/plugins/com.st.stm32cube.ide.mcu.externaltools.gnu-tools-for-stm32.10.3-2021.10.win32_1.0.200.202301161003/tools/bin/../lib/gcc/arm-none-eabi/10.3.1/../../../../arm-none-eabi/lib/thumb/v7e-m+fp/hard\libc_nano.a(lib_a-readr.o)
 .ARM.attributes
                0x0000000000000a4f       0x1e c:/st/stm32cubeide_1.12.1/stm32cubeide/plugins/com.st.stm32cube.ide.mcu.externaltools.gnu-tools-for-stm32.10.3-2021.10.win32_1.0.200.202301161003/tools/bin/../lib/gcc/arm-none-eabi/10.3.1/thumb/v7e-m+fp/hard\libgcc.a(_aeabi_uldivmod.o)
 .ARM.attributes
                0x0000000000000a6d       0x34 c:/st/stm32cubeide_1.12.1/stm32cubeide/plugins/com.st.stm32cube.ide.mcu.externaltools.gnu-tools-for-stm32.10.3-2021.10.win32_1.0.200.202301161003/tools/bin/../lib/gcc/arm-none-eabi/10.3.1/thumb/v7e-m+fp/hard\libgcc.a(_udivmoddi4.o)
 .ARM.attributes
                0x0000000000000aa1       0x1e c:/st/stm32cubeide_1.12.1/stm32cubeide/plugins/com.st.stm32cube.ide.mcu.externaltools.gnu-tools-for-stm32.10.3-2021.10.win32_1.0.200.202301161003/tools/bin/../lib/gcc/arm-none-eabi/10.3.1/thumb/v7e-m+fp/hard\libgcc.a(_dvmd_tls.o)
 .ARM.attributes
                0x0000000000000abf       0x1e c:/st/stm32cubeide_1.12.1/stm32cubeide/plugins/com.st.stm32cube.ide.mcu.externaltools.gnu-tools-for-stm32.10.3-2021.10.win32_1.0.200.202301161003/tools/bin/../lib/gcc/arm-none-eabi/10.3.1/thumb/v7e-m+fp/hard/crtn.o
OUTPUT(E-paper.elf elf32-littlearm)
LOAD linker stubs
LOAD c:/st/stm32cubeide_1.12.1/stm32cubeide/plugins/com.st.stm32cube.ide.mcu.externaltools.gnu-tools-for-stm32.10.3-2021.10.win32_1.0.200.202301161003/tools/bin/../lib/gcc/arm-none-eabi/10.3.1/../../../../arm-none-eabi/lib/thumb/v7e-m+fp/hard\libc.a
LOAD c:/st/stm32cubeide_1.12.1/stm32cubeide/plugins/com.st.stm32cube.ide.mcu.externaltools.gnu-tools-for-stm32.10.3-2021.10.win32_1.0.200.202301161003/tools/bin/../lib/gcc/arm-none-eabi/10.3.1/../../../../arm-none-eabi/lib/thumb/v7e-m+fp/hard\libm.a
LOAD c:/st/stm32cubeide_1.12.1/stm32cubeide/plugins/com.st.stm32cube.ide.mcu.externaltools.gnu-tools-for-stm32.10.3-2021.10.win32_1.0.200.202301161003/tools/bin/../lib/gcc/arm-none-eabi/10.3.1/thumb/v7e-m+fp/hard\libgcc.a

.debug_info     0x0000000000000000     0x91a6
 .debug_info    0x0000000000000000      0x12e ./Core/Fonts/font12.o
 .debug_info    0x000000000000012e      0x12e ./Core/Fonts/font16.o
 .debug_info    0x000000000000025c      0x12e ./Core/Fonts/font24.o
 .debug_info    0x000000000000038a      0x185 ./Core/Fonts/font24CN.o
 .debug_info    0x000000000000050f      0x777 ./Core/Src/DEV_Config.o
 .debug_info    0x0000000000000c86      0x49c ./Core/Src/EPD_2in9_V2.o
 .debug_info    0x0000000000001122      0x65b ./Core/Src/EPD_2in9_V2_test.o
 .debug_info    0x000000000000177d      0xeeb ./Core/Src/GUI_Paint.o
 .debug_info    0x0000000000002668      0x6f6 ./Core/Src/ImageData.o
 .debug_info    0x0000000000002d5e      0xc96 ./Core/Src/main.o
 .debug_info    0x00000000000039f4      0x9da ./Core/Src/stm32f4xx_hal_msp.o
 .debug_info    0x00000000000043ce      0x121 ./Core/Src/stm32f4xx_it.o
 .debug_info    0x00000000000044ef      0x6e0 ./Core/Src/syscalls.o
 .debug_info    0x0000000000004bcf      0x171 ./Core/Src/sysmem.o
 .debug_info    0x0000000000004d40      0x54f ./Core/Src/system_stm32f4xx.o
 .debug_info    0x000000000000528f       0x22 ./Core/Startup/startup_stm32f401cdux.o
 .debug_info    0x00000000000052b1      0x906 ./Drivers/STM32F4xx_HAL_Driver/Src/stm32f4xx_hal.o
 .debug_info    0x0000000000005bb7      0xd85 ./Drivers/STM32F4xx_HAL_Driver/Src/stm32f4xx_hal_cortex.o
 .debug_info    0x000000000000693c      0x78e ./Drivers/STM32F4xx_HAL_Driver/Src/stm32f4xx_hal_gpio.o
 .debug_info    0x00000000000070ca      0x98c ./Drivers/STM32F4xx_HAL_Driver/Src/stm32f4xx_hal_rcc.o
 .debug_info    0x0000000000007a56     0x1750 ./Drivers/STM32F4xx_HAL_Driver/Src/stm32f4xx_hal_spi.o

.debug_abbrev   0x0000000000000000     0x1e50
 .debug_abbrev  0x0000000000000000       0xb1 ./Core/Fonts/font12.o
 .debug_abbrev  0x00000000000000b1       0xb1 ./Core/Fonts/font16.o
 .debug_abbrev  0x0000000000000162       0xb1 ./Core/Fonts/font24.o
 .debug_abbrev  0x0000000000000213       0xaf ./Core/Fonts/font24CN.o
 .debug_abbrev  0x00000000000002c2      0x1b3 ./Core/Src/DEV_Config.o
 .debug_abbrev  0x0000000000000475      0x1d7 ./Core/Src/EPD_2in9_V2.o
 .debug_abbrev  0x000000000000064c      0x174 ./Core/Src/EPD_2in9_V2_test.o
 .debug_abbrev  0x00000000000007c0      0x205 ./Core/Src/GUI_Paint.o
 .debug_abbrev  0x00000000000009c5       0x89 ./Core/Src/ImageData.o
 .debug_abbrev  0x0000000000000a4e      0x234 ./Core/Src/main.o
 .debug_abbrev  0x0000000000000c82      0x194 ./Core/Src/stm32f4xx_hal_msp.o
 .debug_abbrev  0x0000000000000e16       0x74 ./Core/Src/stm32f4xx_it.o
 .debug_abbrev  0x0000000000000e8a      0x1b3 ./Core/Src/syscalls.o
 .debug_abbrev  0x000000000000103d       0xbb ./Core/Src/sysmem.o
 .debug_abbrev  0x00000000000010f8      0x116 ./Core/Src/system_stm32f4xx.o
 .debug_abbrev  0x000000000000120e       0x12 ./Core/Startup/startup_stm32f401cdux.o
 .debug_abbrev  0x0000000000001220      0x23e ./Drivers/STM32F4xx_HAL_Driver/Src/stm32f4xx_hal.o
 .debug_abbrev  0x000000000000145e      0x316 ./Drivers/STM32F4xx_HAL_Driver/Src/stm32f4xx_hal_cortex.o
 .debug_abbrev  0x0000000000001774      0x1c4 ./Drivers/STM32F4xx_HAL_Driver/Src/stm32f4xx_hal_gpio.o
 .debug_abbrev  0x0000000000001938      0x2aa ./Drivers/STM32F4xx_HAL_Driver/Src/stm32f4xx_hal_rcc.o
 .debug_abbrev  0x0000000000001be2      0x26e ./Drivers/STM32F4xx_HAL_Driver/Src/stm32f4xx_hal_spi.o

.debug_aranges  0x0000000000000000      0x8b0
 .debug_aranges
                0x0000000000000000       0x18 ./Core/Fonts/font12.o
 .debug_aranges
                0x0000000000000018       0x18 ./Core/Fonts/font16.o
 .debug_aranges
                0x0000000000000030       0x18 ./Core/Fonts/font24.o
 .debug_aranges
                0x0000000000000048       0x18 ./Core/Fonts/font24CN.o
 .debug_aranges
                0x0000000000000060       0x30 ./Core/Src/DEV_Config.o
 .debug_aranges
                0x0000000000000090       0x98 ./Core/Src/EPD_2in9_V2.o
 .debug_aranges
                0x0000000000000128       0x20 ./Core/Src/EPD_2in9_V2_test.o
 .debug_aranges
                0x0000000000000148       0xb0 ./Core/Src/GUI_Paint.o
 .debug_aranges
                0x00000000000001f8       0x18 ./Core/Src/ImageData.o
 .debug_aranges
                0x0000000000000210       0x40 ./Core/Src/main.o
 .debug_aranges
                0x0000000000000250       0x30 ./Core/Src/stm32f4xx_hal_msp.o
 .debug_aranges
                0x0000000000000280       0x60 ./Core/Src/stm32f4xx_it.o
 .debug_aranges
                0x00000000000002e0       0xa8 ./Core/Src/syscalls.o
 .debug_aranges
                0x0000000000000388       0x20 ./Core/Src/sysmem.o
 .debug_aranges
                0x00000000000003a8       0x28 ./Core/Src/system_stm32f4xx.o
 .debug_aranges
                0x00000000000003d0       0x28 ./Core/Startup/startup_stm32f401cdux.o
 .debug_aranges
                0x00000000000003f8       0xf0 ./Drivers/STM32F4xx_HAL_Driver/Src/stm32f4xx_hal.o
 .debug_aranges
                0x00000000000004e8      0x118 ./Drivers/STM32F4xx_HAL_Driver/Src/stm32f4xx_hal_cortex.o
 .debug_aranges
                0x0000000000000600       0x58 ./Drivers/STM32F4xx_HAL_Driver/Src/stm32f4xx_hal_gpio.o
 .debug_aranges
                0x0000000000000658       0x88 ./Drivers/STM32F4xx_HAL_Driver/Src/stm32f4xx_hal_rcc.o
 .debug_aranges
                0x00000000000006e0      0x1d0 ./Drivers/STM32F4xx_HAL_Driver/Src/stm32f4xx_hal_spi.o

.debug_macro    0x0000000000000000    0x172ee
 .debug_macro   0x0000000000000000       0x6c ./Core/Fonts/font12.o
 .debug_macro   0x000000000000006c      0xa78 ./Core/Fonts/font12.o
 .debug_macro   0x0000000000000ae4       0x1c ./Core/Fonts/font12.o
 .debug_macro   0x0000000000000b00       0x22 ./Core/Fonts/font12.o
 .debug_macro   0x0000000000000b22       0x8e ./Core/Fonts/font12.o
 .debug_macro   0x0000000000000bb0       0x51 ./Core/Fonts/font12.o
 .debug_macro   0x0000000000000c01      0x103 ./Core/Fonts/font12.o
 .debug_macro   0x0000000000000d04       0x6a ./Core/Fonts/font12.o
 .debug_macro   0x0000000000000d6e      0x1df ./Core/Fonts/font12.o
 .debug_macro   0x0000000000000f4d       0x6c ./Core/Fonts/font16.o
 .debug_macro   0x0000000000000fb9       0x6c ./Core/Fonts/font24.o
 .debug_macro   0x0000000000001025       0x6c ./Core/Fonts/font24CN.o
 .debug_macro   0x0000000000001091      0x337 ./Core/Src/DEV_Config.o
 .debug_macro   0x00000000000013c8      0x295 ./Core/Src/DEV_Config.o
 .debug_macro   0x000000000000165d       0x2e ./Core/Src/DEV_Config.o
 .debug_macro   0x000000000000168b       0x28 ./Core/Src/DEV_Config.o
 .debug_macro   0x00000000000016b3       0x1c ./Core/Src/DEV_Config.o
 .debug_macro   0x00000000000016cf       0x22 ./Core/Src/DEV_Config.o
 .debug_macro   0x00000000000016f1       0xd9 ./Core/Src/DEV_Config.o
 .debug_macro   0x00000000000017ca     0x102d ./Core/Src/DEV_Config.o
 .debug_macro   0x00000000000027f7      0x11f ./Core/Src/DEV_Config.o
 .debug_macro   0x0000000000002916     0xb86c ./Core/Src/DEV_Config.o
 .debug_macro   0x000000000000e182       0x6d ./Core/Src/DEV_Config.o
 .debug_macro   0x000000000000e1ef     0x367e ./Core/Src/DEV_Config.o
 .debug_macro   0x000000000001186d      0x174 ./Core/Src/DEV_Config.o
 .debug_macro   0x00000000000119e1       0x5c ./Core/Src/DEV_Config.o
 .debug_macro   0x0000000000011a3d      0x416 ./Core/Src/DEV_Config.o
 .debug_macro   0x0000000000011e53      0x9fe ./Core/Src/DEV_Config.o
 .debug_macro   0x0000000000012851      0x115 ./Core/Src/DEV_Config.o
 .debug_macro   0x0000000000012966       0xf8 ./Core/Src/DEV_Config.o
 .debug_macro   0x0000000000012a5e       0xa5 ./Core/Src/DEV_Config.o
 .debug_macro   0x0000000000012b03      0x15f ./Core/Src/DEV_Config.o
 .debug_macro   0x0000000000012c62      0x287 ./Core/Src/DEV_Config.o
 .debug_macro   0x0000000000012ee9       0x5f ./Core/Src/DEV_Config.o
 .debug_macro   0x0000000000012f48      0x236 ./Core/Src/DEV_Config.o
 .debug_macro   0x000000000001317e      0x132 ./Core/Src/DEV_Config.o
 .debug_macro   0x00000000000132b0      0x264 ./Core/Src/DEV_Config.o
 .debug_macro   0x0000000000013514       0x2e ./Core/Src/DEV_Config.o
 .debug_macro   0x0000000000013542      0x11a ./Core/Src/DEV_Config.o
 .debug_macro   0x000000000001365c       0x85 ./Core/Src/DEV_Config.o
 .debug_macro   0x00000000000136e1       0x89 ./Core/Src/DEV_Config.o
 .debug_macro   0x000000000001376a      0x225 ./Core/Src/DEV_Config.o
 .debug_macro   0x000000000001398f      0x126 ./Core/Src/DEV_Config.o
 .debug_macro   0x0000000000013ab5       0x34 ./Core/Src/DEV_Config.o
 .debug_macro   0x0000000000013ae9       0x52 ./Core/Src/DEV_Config.o
 .debug_macro   0x0000000000013b3b       0x1e ./Core/Src/DEV_Config.o
 .debug_macro   0x0000000000013b59       0x3c ./Core/Src/DEV_Config.o
 .debug_macro   0x0000000000013b95       0x34 ./Core/Src/DEV_Config.o
 .debug_macro   0x0000000000013bc9       0x16 ./Core/Src/DEV_Config.o
 .debug_macro   0x0000000000013bdf       0x35 ./Core/Src/DEV_Config.o
 .debug_macro   0x0000000000013c14      0x341 ./Core/Src/DEV_Config.o
 .debug_macro   0x0000000000013f55       0x10 ./Core/Src/DEV_Config.o
 .debug_macro   0x0000000000013f65       0x16 ./Core/Src/DEV_Config.o
 .debug_macro   0x0000000000013f7b       0x43 ./Core/Src/DEV_Config.o
 .debug_macro   0x0000000000013fbe       0x34 ./Core/Src/DEV_Config.o
 .debug_macro   0x0000000000013ff2       0x10 ./Core/Src/DEV_Config.o
 .debug_macro   0x0000000000014002       0x58 ./Core/Src/DEV_Config.o
 .debug_macro   0x000000000001405a       0x71 ./Core/Src/DEV_Config.o
 .debug_macro   0x00000000000140cb       0x1c ./Core/Src/DEV_Config.o
 .debug_macro   0x00000000000140e7      0x12a ./Core/Src/DEV_Config.o
 .debug_macro   0x0000000000014211       0x10 ./Core/Src/DEV_Config.o
 .debug_macro   0x0000000000014221       0x1c ./Core/Src/DEV_Config.o
 .debug_macro   0x000000000001423d       0x52 ./Core/Src/DEV_Config.o
 .debug_macro   0x000000000001428f       0x22 ./Core/Src/DEV_Config.o
 .debug_macro   0x00000000000142b1       0x10 ./Core/Src/DEV_Config.o
 .debug_macro   0x00000000000142c1       0x52 ./Core/Src/DEV_Config.o
 .debug_macro   0x0000000000014313       0xd5 ./Core/Src/DEV_Config.o
 .debug_macro   0x00000000000143e8       0x1c ./Core/Src/DEV_Config.o
 .debug_macro   0x0000000000014404       0x3d ./Core/Src/DEV_Config.o
 .debug_macro   0x0000000000014441       0x16 ./Core/Src/DEV_Config.o
 .debug_macro   0x0000000000014457      0x145 ./Core/Src/DEV_Config.o
 .debug_macro   0x000000000001459c       0x40 ./Core/Src/DEV_Config.o
 .debug_macro   0x00000000000145dc      0x34f ./Core/Src/EPD_2in9_V2.o
 .debug_macro   0x000000000001492b       0x10 ./Core/Src/EPD_2in9_V2.o
 .debug_macro   0x000000000001493b      0x3a9 ./Core/Src/EPD_2in9_V2_test.o
 .debug_macro   0x0000000000014ce4       0x6c ./Core/Src/EPD_2in9_V2_test.o
 .debug_macro   0x0000000000014d50       0x16 ./Core/Src/EPD_2in9_V2_test.o
 .debug_macro   0x0000000000014d66       0x16 ./Core/Src/EPD_2in9_V2_test.o
 .debug_macro   0x0000000000014d7c       0x29 ./Core/Src/EPD_2in9_V2_test.o
 .debug_macro   0x0000000000014da5       0x16 ./Core/Src/EPD_2in9_V2_test.o
 .debug_macro   0x0000000000014dbb      0x3da ./Core/Src/GUI_Paint.o
 .debug_macro   0x0000000000015195       0x16 ./Core/Src/GUI_Paint.o
 .debug_macro   0x00000000000151ab       0x20 ./Core/Src/GUI_Paint.o
 .debug_macro   0x00000000000151cb      0x19b ./Core/Src/GUI_Paint.o
 .debug_macro   0x0000000000015366       0x1b ./Core/Src/ImageData.o
 .debug_macro   0x0000000000015381      0x3a4 ./Core/Src/main.o
 .debug_macro   0x0000000000015725      0x1c9 ./Core/Src/stm32f4xx_hal_msp.o
 .debug_macro   0x00000000000158ee      0x1d3 ./Core/Src/stm32f4xx_it.o
 .debug_macro   0x0000000000015ac1      0x24c ./Core/Src/syscalls.o
 .debug_macro   0x0000000000015d0d       0x4c ./Core/Src/syscalls.o
 .debug_macro   0x0000000000015d59       0x94 ./Core/Src/syscalls.o
 .debug_macro   0x0000000000015ded       0x57 ./Core/Src/syscalls.o
 .debug_macro   0x0000000000015e44       0x10 ./Core/Src/syscalls.o
 .debug_macro   0x0000000000015e54       0x10 ./Core/Src/syscalls.o
 .debug_macro   0x0000000000015e64       0x10 ./Core/Src/syscalls.o
 .debug_macro   0x0000000000015e74       0x35 ./Core/Src/syscalls.o
 .debug_macro   0x0000000000015ea9      0x12c ./Core/Src/syscalls.o
 .debug_macro   0x0000000000015fd5       0x10 ./Core/Src/syscalls.o
 .debug_macro   0x0000000000015fe5      0x241 ./Core/Src/syscalls.o
 .debug_macro   0x0000000000016226       0x1c ./Core/Src/syscalls.o
 .debug_macro   0x0000000000016242       0x10 ./Core/Src/syscalls.o
 .debug_macro   0x0000000000016252      0x189 ./Core/Src/syscalls.o
 .debug_macro   0x00000000000163db       0x16 ./Core/Src/syscalls.o
 .debug_macro   0x00000000000163f1       0xce ./Core/Src/syscalls.o
 .debug_macro   0x00000000000164bf       0xff ./Core/Src/sysmem.o
 .debug_macro   0x00000000000165be      0x23b ./Core/Src/sysmem.o
 .debug_macro   0x00000000000167f9      0x1ba ./Core/Src/system_stm32f4xx.o
 .debug_macro   0x00000000000169b3      0x21a ./Drivers/STM32F4xx_HAL_Driver/Src/stm32f4xx_hal.o
 .debug_macro   0x0000000000016bcd      0x1ba ./Drivers/STM32F4xx_HAL_Driver/Src/stm32f4xx_hal_cortex.o
 .debug_macro   0x0000000000016d87      0x1c0 ./Drivers/STM32F4xx_HAL_Driver/Src/stm32f4xx_hal_gpio.o
 .debug_macro   0x0000000000016f47      0x1de ./Drivers/STM32F4xx_HAL_Driver/Src/stm32f4xx_hal_rcc.o
 .debug_macro   0x0000000000017125      0x1c9 ./Drivers/STM32F4xx_HAL_Driver/Src/stm32f4xx_hal_spi.o

.debug_line     0x0000000000000000     0xb8cd
 .debug_line    0x0000000000000000      0x37e ./Core/Fonts/font12.o
 .debug_line    0x000000000000037e      0x37e ./Core/Fonts/font16.o
 .debug_line    0x00000000000006fc      0x37e ./Core/Fonts/font24.o
 .debug_line    0x0000000000000a7a      0x380 ./Core/Fonts/font24CN.o
 .debug_line    0x0000000000000dfa      0x8ae ./Core/Src/DEV_Config.o
 .debug_line    0x00000000000016a8      0xb50 ./Core/Src/EPD_2in9_V2.o
 .debug_line    0x00000000000021f8      0x9df ./Core/Src/EPD_2in9_V2_test.o
 .debug_line    0x0000000000002bd7     0x169d ./Core/Src/GUI_Paint.o
 .debug_line    0x0000000000004274       0x53 ./Core/Src/ImageData.o
 .debug_line    0x00000000000042c7      0x9ff ./Core/Src/main.o
 .debug_line    0x0000000000004cc6      0x6de ./Core/Src/stm32f4xx_hal_msp.o
 .debug_line    0x00000000000053a4      0x754 ./Core/Src/stm32f4xx_it.o
 .debug_line    0x0000000000005af8      0x7fe ./Core/Src/syscalls.o
 .debug_line    0x00000000000062f6      0x4f4 ./Core/Src/sysmem.o
 .debug_line    0x00000000000067ea      0x713 ./Core/Src/system_stm32f4xx.o
 .debug_line    0x0000000000006efd       0x88 ./Core/Startup/startup_stm32f401cdux.o
 .debug_line    0x0000000000006f85      0x979 ./Drivers/STM32F4xx_HAL_Driver/Src/stm32f4xx_hal.o
 .debug_line    0x00000000000078fe      0xc28 ./Drivers/STM32F4xx_HAL_Driver/Src/stm32f4xx_hal_cortex.o
 .debug_line    0x0000000000008526      0xab1 ./Drivers/STM32F4xx_HAL_Driver/Src/stm32f4xx_hal_gpio.o
 .debug_line    0x0000000000008fd7      0xcf3 ./Drivers/STM32F4xx_HAL_Driver/Src/stm32f4xx_hal_rcc.o
 .debug_line    0x0000000000009cca     0x1c03 ./Drivers/STM32F4xx_HAL_Driver/Src/stm32f4xx_hal_spi.o

.debug_str      0x0000000000000000    0x86dd1
 .debug_str     0x0000000000000000     0x3b07 ./Core/Fonts/font12.o
                                       0x3c7e (size before relaxing)
 .debug_str     0x0000000000003b07       0x2b ./Core/Fonts/font16.o
                                       0x3c7e (size before relaxing)
 .debug_str     0x0000000000003b32       0x2b ./Core/Fonts/font24.o
                                       0x3c7e (size before relaxing)
 .debug_str     0x0000000000003b5d       0x56 ./Core/Fonts/font24CN.o
                                       0x3c8f (size before relaxing)
 .debug_str     0x0000000000003bb3    0x7ebc5 ./Core/Src/DEV_Config.o
                                      0x82938 (size before relaxing)
 .debug_str     0x0000000000082778      0x24e ./Core/Src/EPD_2in9_V2.o
                                      0x826e1 (size before relaxing)
 .debug_str     0x00000000000829c6      0x470 ./Core/Src/EPD_2in9_V2_test.o
                                      0x82a72 (size before relaxing)
 .debug_str     0x0000000000082e36      0xaff ./Core/Src/GUI_Paint.o
                                      0x83437 (size before relaxing)
 .debug_str     0x0000000000083935      0x2c0 ./Core/Src/ImageData.o
                                       0x2fac (size before relaxing)
 .debug_str     0x0000000000083bf5      0x306 ./Core/Src/main.o
                                      0x82eaf (size before relaxing)
 .debug_str     0x0000000000083efb       0x63 ./Core/Src/stm32f4xx_hal_msp.o
                                      0x7eb3a (size before relaxing)
 .debug_str     0x0000000000083f5e       0xc9 ./Core/Src/stm32f4xx_it.o
                                      0x7e5b3 (size before relaxing)
 .debug_str     0x0000000000084027     0x1671 ./Core/Src/syscalls.o
                                       0x8a66 (size before relaxing)
 .debug_str     0x0000000000085698       0x6b ./Core/Src/sysmem.o
                                       0x5da2 (size before relaxing)
 .debug_str     0x0000000000085703       0xdb ./Core/Src/system_stm32f4xx.o
                                      0x7e64d (size before relaxing)
 .debug_str     0x00000000000857de       0x36 ./Core/Startup/startup_stm32f401cdux.o
                                         0x4c (size before relaxing)
 .debug_str     0x0000000000085814      0x99f ./Drivers/STM32F4xx_HAL_Driver/Src/stm32f4xx_hal.o
                                      0x7f06f (size before relaxing)
 .debug_str     0x00000000000861b3      0x34a ./Drivers/STM32F4xx_HAL_Driver/Src/stm32f4xx_hal_cortex.o
                                      0x7ed90 (size before relaxing)
 .debug_str     0x00000000000864fd      0x110 ./Drivers/STM32F4xx_HAL_Driver/Src/stm32f4xx_hal_gpio.o
                                      0x7e7c8 (size before relaxing)
 .debug_str     0x000000000008660d      0x233 ./Drivers/STM32F4xx_HAL_Driver/Src/stm32f4xx_hal_rcc.o
                                      0x7ea81 (size before relaxing)
 .debug_str     0x0000000000086840      0x591 ./Drivers/STM32F4xx_HAL_Driver/Src/stm32f4xx_hal_spi.o
                                      0x7eeff (size before relaxing)

.comment        0x0000000000000000       0x50
 .comment       0x0000000000000000       0x50 ./Core/Fonts/font12.o
                                         0x51 (size before relaxing)
 .comment       0x0000000000000050       0x51 ./Core/Fonts/font16.o
 .comment       0x0000000000000050       0x51 ./Core/Fonts/font24.o
 .comment       0x0000000000000050       0x51 ./Core/Fonts/font24CN.o
 .comment       0x0000000000000050       0x51 ./Core/Src/DEV_Config.o
 .comment       0x0000000000000050       0x51 ./Core/Src/EPD_2in9_V2.o
 .comment       0x0000000000000050       0x51 ./Core/Src/EPD_2in9_V2_test.o
 .comment       0x0000000000000050       0x51 ./Core/Src/GUI_Paint.o
 .comment       0x0000000000000050       0x51 ./Core/Src/ImageData.o
 .comment       0x0000000000000050       0x51 ./Core/Src/main.o
 .comment       0x0000000000000050       0x51 ./Core/Src/stm32f4xx_hal_msp.o
 .comment       0x0000000000000050       0x51 ./Core/Src/stm32f4xx_it.o
 .comment       0x0000000000000050       0x51 ./Core/Src/syscalls.o
 .comment       0x0000000000000050       0x51 ./Core/Src/sysmem.o
 .comment       0x0000000000000050       0x51 ./Core/Src/system_stm32f4xx.o
 .comment       0x0000000000000050       0x51 ./Drivers/STM32F4xx_HAL_Driver/Src/stm32f4xx_hal.o
 .comment       0x0000000000000050       0x51 ./Drivers/STM32F4xx_HAL_Driver/Src/stm32f4xx_hal_cortex.o
 .comment       0x0000000000000050       0x51 ./Drivers/STM32F4xx_HAL_Driver/Src/stm32f4xx_hal_gpio.o
 .comment       0x0000000000000050       0x51 ./Drivers/STM32F4xx_HAL_Driver/Src/stm32f4xx_hal_rcc.o
 .comment       0x0000000000000050       0x51 ./Drivers/STM32F4xx_HAL_Driver/Src/stm32f4xx_hal_spi.o

.debug_ranges   0x0000000000000000      0x740
 .debug_ranges  0x0000000000000000       0x20 ./Core/Src/DEV_Config.o
 .debug_ranges  0x0000000000000020       0x88 ./Core/Src/EPD_2in9_V2.o
 .debug_ranges  0x00000000000000a8       0x10 ./Core/Src/EPD_2in9_V2_test.o
 .debug_ranges  0x00000000000000b8       0xa0 ./Core/Src/GUI_Paint.o