../../../../../../../Drivers/STM32WBxx_HAL_Driver/Inc/stm32wbxx_ll_system.h:2223:26:LL_FLASH_GetUDN	4	static
../../../../../../../Drivers/STM32WBxx_HAL_Driver/Inc/stm32wbxx_ll_system.h:2235:26:LL_FLASH_GetDeviceID	4	static
../../../../../../../Drivers/STM32WBxx_HAL_Driver/Inc/stm32wbxx_ll_system.h:2247:26:LL_FLASH_GetSTCompanyID	4	static
C:/Users/chipi/Downloads/en.stm32cubewb-v1-17-0/STM32Cube_FW_WB_V1.17.0/Projects/P-NUCLEO-WB55.Nucleo/Applications/BLE/BLE_Custom/STM32_WPAN/App/app_ble.c:265:6:APP_BLE_Init	80	static
C:/Users/chipi/Downloads/en.stm32cubewb-v1-17-0/STM32Cube_FW_WB_V1.17.0/Projects/P-NUCLEO-WB55.Nucleo/Applications/BLE/BLE_Custom/STM32_WPAN/App/app_ble.c:413:28:SVCCTL_App_Notification	72	static
C:/Users/chipi/Downloads/en.stm32cubewb-v1-17-0/STM32Cube_FW_WB_V1.17.0/Projects/P-NUCLEO-WB55.Nucleo/Applications/BLE/BLE_Custom/STM32_WPAN/App/app_ble.c:677:22:APP_BLE_Get_Server_Connection_Status	4	static
C:/Users/chipi/Downloads/en.stm32cubewb-v1-17-0/STM32Cube_FW_WB_V1.17.0/Projects/P-NUCLEO-WB55.Nucleo/Applications/BLE/BLE_Custom/STM32_WPAN/App/app_ble.c:691:13:Ble_Tl_Init	16	static
C:/Users/chipi/Downloads/en.stm32cubewb-v1-17-0/STM32Cube_FW_WB_V1.17.0/Projects/P-NUCLEO-WB55.Nucleo/Applications/BLE/BLE_Custom/STM32_WPAN/App/app_ble.c:702:13:Ble_Hci_Gap_Gatt_Init	72	static
C:/Users/chipi/Downloads/en.stm32cubewb-v1-17-0/STM32Cube_FW_WB_V1.17.0/Projects/P-NUCLEO-WB55.Nucleo/Applications/BLE/BLE_Custom/STM32_WPAN/App/app_ble.c:998:13:Adv_Request	56	static
C:/Users/chipi/Downloads/en.stm32cubewb-v1-17-0/STM32Cube_FW_WB_V1.17.0/Projects/P-NUCLEO-WB55.Nucleo/Applications/BLE/BLE_Custom/STM32_WPAN/App/app_ble.c:1038:16:BleGetBdAddress	32	static
C:/Users/chipi/Downloads/en.stm32cubewb-v1-17-0/STM32Cube_FW_WB_V1.17.0/Projects/P-NUCLEO-WB55.Nucleo/Applications/BLE/BLE_Custom/STM32_WPAN/App/app_ble.c:1095:13:Adv_Cancel	16	static
C:/Users/chipi/Downloads/en.stm32cubewb-v1-17-0/STM32Cube_FW_WB_V1.17.0/Projects/P-NUCLEO-WB55.Nucleo/Applications/BLE/BLE_Custom/STM32_WPAN/App/app_ble.c:1127:6:BLE_SVC_L2CAP_Conn_Update	48	static
C:/Users/chipi/Downloads/en.stm32cubewb-v1-17-0/STM32Cube_FW_WB_V1.17.0/Projects/P-NUCLEO-WB55.Nucleo/Applications/BLE/BLE_Custom/STM32_WPAN/App/app_ble.c:1165:13:Connection_Interval_Update_Req	8	static
C:/Users/chipi/Downloads/en.stm32cubewb-v1-17-0/STM32Cube_FW_WB_V1.17.0/Projects/P-NUCLEO-WB55.Nucleo/Applications/BLE/BLE_Custom/STM32_WPAN/App/app_ble.c:1177:6:APP_BLE_Key_Button1_Action	8	static
C:/Users/chipi/Downloads/en.stm32cubewb-v1-17-0/STM32Cube_FW_WB_V1.17.0/Projects/P-NUCLEO-WB55.Nucleo/Applications/BLE/BLE_Custom/STM32_WPAN/App/app_ble.c:1182:6:APP_BLE_Key_Button2_Action	16	static
C:/Users/chipi/Downloads/en.stm32cubewb-v1-17-0/STM32Cube_FW_WB_V1.17.0/Projects/P-NUCLEO-WB55.Nucleo/Applications/BLE/BLE_Custom/STM32_WPAN/App/app_ble.c:1198:6:APP_BLE_Key_Button3_Action	8	static
C:/Users/chipi/Downloads/en.stm32cubewb-v1-17-0/STM32Cube_FW_WB_V1.17.0/Projects/P-NUCLEO-WB55.Nucleo/Applications/BLE/BLE_Custom/STM32_WPAN/App/app_ble.c:1212:6:hci_notify_asynch_evt	16	static
C:/Users/chipi/Downloads/en.stm32cubewb-v1-17-0/STM32Cube_FW_WB_V1.17.0/Projects/P-NUCLEO-WB55.Nucleo/Applications/BLE/BLE_Custom/STM32_WPAN/App/app_ble.c:1219:6:hci_cmd_resp_release	16	static
C:/Users/chipi/Downloads/en.stm32cubewb-v1-17-0/STM32Cube_FW_WB_V1.17.0/Projects/P-NUCLEO-WB55.Nucleo/Applications/BLE/BLE_Custom/STM32_WPAN/App/app_ble.c:1226:6:hci_cmd_resp_wait	16	static
C:/Users/chipi/Downloads/en.stm32cubewb-v1-17-0/STM32Cube_FW_WB_V1.17.0/Projects/P-NUCLEO-WB55.Nucleo/Applications/BLE/BLE_Custom/STM32_WPAN/App/app_ble.c:1233:13:BLE_UserEvtRx	24	static
C:/Users/chipi/Downloads/en.stm32cubewb-v1-17-0/STM32Cube_FW_WB_V1.17.0/Projects/P-NUCLEO-WB55.Nucleo/Applications/BLE/BLE_Custom/STM32_WPAN/App/app_ble.c:1253:13:BLE_StatusNot	24	static
C:/Users/chipi/Downloads/en.stm32cubewb-v1-17-0/STM32Cube_FW_WB_V1.17.0/Projects/P-NUCLEO-WB55.Nucleo/Applications/BLE/BLE_Custom/STM32_WPAN/App/app_ble.c:1292:6:SVCCTL_ResumeUserEventFlow	8	static
