C:/Users/chipi/Downloads/en.stm32cubewb-v1-17-0/STM32Cube_FW_WB_V1.17.0/Projects/P-NUCLEO-WB55.Nucleo/Applications/BLE/BLE_Custom/STM32_WPAN/App/custom_app.c:101:6:Custom_STM_App_Notification	16	static
C:/Users/chipi/Downloads/en.stm32cubewb-v1-17-0/STM32Cube_FW_WB_V1.17.0/Projects/P-NUCLEO-WB55.Nucleo/Applications/BLE/BLE_Custom/STM32_WPAN/App/custom_app.c:228:6:Custom_APP_Notification	16	static
C:/Users/chipi/Downloads/en.stm32cubewb-v1-17-0/STM32Cube_FW_WB_V1.17.0/Projects/P-NUCLEO-WB55.Nucleo/Applications/BLE/BLE_Custom/STM32_WPAN/App/custom_app.c:265:6:Custom_APP_Init	16	static
C:/Users/chipi/Downloads/en.stm32cubewb-v1-17-0/STM32Cube_FW_WB_V1.17.0/Projects/P-NUCLEO-WB55.Nucleo/Applications/BLE/BLE_Custom/STM32_WPAN/App/custom_app.c:295:6:Custom_Switch_c_Update_Char	16	static
C:/Users/chipi/Downloads/en.stm32cubewb-v1-17-0/STM32Cube_FW_WB_V1.17.0/Projects/P-NUCLEO-WB55.Nucleo/Applications/BLE/BLE_Custom/STM32_WPAN/App/custom_app.c:314:6:Custom_Switch_c_Send_Notification	16	static
C:/Users/chipi/Downloads/en.stm32cubewb-v1-17-0/STM32Cube_FW_WB_V1.17.0/Projects/P-NUCLEO-WB55.Nucleo/Applications/BLE/BLE_Custom/STM32_WPAN/App/custom_app.c:357:6:Custom_Hrs_m_Update_Char	16	static
C:/Users/chipi/Downloads/en.stm32cubewb-v1-17-0/STM32Cube_FW_WB_V1.17.0/Projects/P-NUCLEO-WB55.Nucleo/Applications/BLE/BLE_Custom/STM32_WPAN/App/custom_app.c:376:6:Custom_Hrs_m_Send_Notification	16	static
C:/Users/chipi/Downloads/en.stm32cubewb-v1-17-0/STM32Cube_FW_WB_V1.17.0/Projects/P-NUCLEO-WB55.Nucleo/Applications/BLE/BLE_Custom/STM32_WPAN/App/custom_app.c:397:6:SW1_Button_Action	8	static
