../Core/Src/EPD_2in9.c:117:13:EPD_2IN9_SendCommand	16	static
../Core/Src/EPD_2in9.c:130:13:EPD_2IN9_SendData	16	static
../Core/Src/EPD_2in9.c:172:13:EPD_2IN9_SetCursor.constprop	8	static
../Core/Src/EPD_2in9.c:155:13:EPD_2IN9_SetWindows.constprop	8	static
../Core/Src/EPD_2in9.c:142:6:EPD_2IN9_ReadBusy	8	static
../Core/Src/EPD_2in9.c:186:13:EPD_2IN9_TurnOnDisplay	8	static
../Core/Src/EPD_2in9.c:200:6:EPD_2IN9_Init	16	static
../Core/Src/EPD_2in9.c:247:6:EPD_2IN9_Clear	16	static
../Core/Src/EPD_2in9.c:267:6:EPD_2IN9_Display	16	static
../Core/Src/EPD_2in9.c:291:6:EPD_2IN9_Sleep	8	static
