../Core/Src/EPD_2in9_V2.c:99:13:EPD_2IN9_V2_SendCommand	16	static
../Core/Src/EPD_2in9_V2.c:112:13:EPD_2IN9_V2_SendData	16	static
../Core/Src/EPD_2in9_V2.c:203:13:EPD_2IN9_V2_SetCursor.constprop	8	static
../Core/Src/EPD_2in9_V2.c:186:13:EPD_2IN9_V2_SetWindows.constprop	8	static
../Core/Src/EPD_2in9_V2.c:124:6:EPD_2IN9_V2_ReadBusy	8	static
../Core/Src/EPD_2in9_V2.c:137:13:EPD_2IN9_V2_LUT	16	static
../Core/Src/EPD_2in9_V2.c:166:13:EPD_2IN9_V2_TurnOnDisplay	8	static
../Core/Src/EPD_2in9_V2.c:217:6:EPD_2IN9_V2_Init	8	static
../Core/Src/EPD_2in9_V2.c:256:6:EPD_2IN9_V2_Clear	8	static
../Core/Src/EPD_2in9_V2.c:271:6:EPD_2IN9_V2_Display	16	static
../Core/Src/EPD_2in9_V2.c:282:6:EPD_2IN9_V2_Display_Base	16	static
../Core/Src/EPD_2in9_V2.c:299:6:EPD_2IN9_V2_Display_Partial	16	static
../Core/Src/EPD_2in9_V2.c:345:6:EPD_2IN9_V2_Sleep	8	static
